--------------------------------------------------------------------------------------------------------------------------------------------------------------------------------------------
      name:  <unnamed>
       log:  D:\Data\data_FADNPanelAnalysis\Do_Files\multisward\logs/multisward2015_02_01.txt
  log type:  text
 opened on:   1 Feb 2015, 19:17:14

. di  "Job  Started  at  $S_TIME  on $S_DATE"
Job  Started  at  19:17:14  on  1 Feb 2015

. cmdlog using logs/$project$datestamp.cmd.txt, append 
(note: file D:\Data\data_FADNPanelAnalysis\Do_Files\multisward\logs/multisward2015_02_01.cmd.txt not found)
(cmdlog D:\Data\data_FADNPanelAnalysis\Do_Files\multisward\logs/multisward2015_02_01.cmd.txt opened)

. 
. * dpallocgo will be neg if beefandveal < 0 and large. Causes missing 
. *  value in lnspecial. There's < 10 of these in each country, and they
. *  represent about 1700 farm-years over the entire sample of over 
. *  1.25 million farm-years
. drop if dpallocgo < 0
(16 observations deleted)

. 
. preserve

. 
. 
. drop country

. gen int country = countrycode2

. keep pid year country `dep_vlist' `indep_vlist' `z_vlist' TREND

. 
. outsheet _all using `fadnoutdatadir'/exported_data.csv, comma replace nolabel

. save `fadnoutdatadir'/exported_data.dta, replace nolabel
file D:\\Data/data_FADNPanelAnalysis/OutData/multisward/exported_data.dta saved

. 
. restore

. 
. 
. 
. * ===================
. * MODEL COMMANDS HERE
. * ===================
. if "`cost'"=="cost"{
.         local   tech_or_cost    "cost"
. }

. else{
.         local   tech_or_cost    "tech"
. }

. 
. 
. qui xtreg `dep_vlist' `indep_vlist' TREND if country == "DEU",  fe

. matrix define SV = e(b)

. sfpanel `dep_vlist' `indep_vlist' TREND if country == "DEU",  `cost' model(bc95) d(tnormal) posthessian robust emean(`z_vlist') vsigma(TREND) iterate(1000) svfrontier(SV) nolog


numerical derivatives are approximate
nearby values are missing
numerical derivatives are approximate
nearby values are missing
numerical derivatives are approximate
nearby values are missing
numerical derivatives are approximate
nearby values are missing
numerical derivatives are approximate
nearby values are missing
numerical derivatives are approximate
nearby values are missing
numerical derivatives are approximate
nearby values are missing

Inefficiency effects model (truncated-normal)        Number of obs =     14880
Group variable: pid                               Number of groups =      3151
Time variable: year                             Obs per group: min =         1
                                                               avg =       4.7
                                                               max =         9

                                                     Prob > chi2   =    0.0000
Log pseudolikelihood =  2870.9483                    Wald chi2(5)  =  11520.69

                                                    (Std. Err. adjusted for 3151 clusters in pid)
-------------------------------------------------------------------------------------------------
                                |               Robust
           lntotalspecificcosts |      Coef.   Std. Err.      z    P>|z|     [95% Conf. Interval]
--------------------------------+----------------------------------------------------------------
Frontier                        |
                lndairyproducts |   1.049748   .0100323   104.64   0.000     1.030085    1.069411
                 lnPTotalCattle |   .1761093   .0523073     3.37   0.001     .0735888    .2786298
lnPCompoundfeedingstuffsforcatt |   .3680852   .0530189     6.94   0.000       .26417    .4720004
 lnPFERTILISERSANDSOILIMPROVERS |   .1256126   .0520439     2.41   0.016     .0236085    .2276168
                          TREND |    .004899   .0028589     1.71   0.087    -.0007044    .0105023
                          _cons |  -5.315921   .2928465   -18.15   0.000     -5.88989   -4.741953
--------------------------------+----------------------------------------------------------------
Mu                              |
                   lngrassratio |   .0281814   .0031064     9.07   0.000      .022093    .0342697
                      lnspecial |  -.7048304          .        .       .            .           .
                          _cons |   1.855237          .        .       .            .           .
--------------------------------+----------------------------------------------------------------
Usigma                          |
                          _cons |  -7.837422   .1337345   -58.60   0.000    -8.099537   -7.575307
--------------------------------+----------------------------------------------------------------
Vsigma                          |
                          TREND |   .7480375    .022201    33.69   0.000     .7045244    .7915506
                          _cons |  -4.733207   .0695777   -68.03   0.000    -4.869577   -4.596837
--------------------------------+----------------------------------------------------------------
  E(sigma_v) |   .9038605                                 .8908803    .9168408
     sigma_u |   .0198667   .0013284    14.96   0.000     .0174264    .0226487
------------------------------------------------------------------------------

. estimates store `model1name'_DEU_`tech_or_cost'

. estimates save `fadnoutdatadir'/`model1name'_DEU_`tech_or_cost'_$datestamp$timestamp.ster, replace
(note: file D:\Data/data_FADNPanelAnalysis/OutData/multisward/bc95_DEU_cost_2015_02_010717pm.ster not found)
file D:\Data/data_FADNPanelAnalysis/OutData/multisward/bc95_DEU_cost_2015_02_010717pm.ster saved

. di `e(converged)'
1

. 
. 
. qui xtreg `dep_vlist' `indep_vlist' TREND if country == "FRA",  fe

. matrix define SV = e(b)

. sfpanel `dep_vlist' `indep_vlist' TREND if country == "FRA",  `cost' model(bc95) d(tnormal) posthessian robust emean(`z_vlist') usigma(`z_vlist') vsigma(TREND) iterate(1000) svfrontier(S
> V) nolog



Inefficiency effects model (truncated-normal)        Number of obs =      4612
Group variable: pid                               Number of groups =      1933
Time variable: year                             Obs per group: min =         1
                                                               avg =       2.4
                                                               max =         8

                                                     Prob > chi2   =    0.0000
Log pseudolikelihood = -1118.8758                    Wald chi2(5)  =   4687.63

                                                    (Std. Err. adjusted for 1933 clusters in pid)
-------------------------------------------------------------------------------------------------
                                |               Robust
           lntotalspecificcosts |      Coef.   Std. Err.      z    P>|z|     [95% Conf. Interval]
--------------------------------+----------------------------------------------------------------
Frontier                        |
                lndairyproducts |   1.028835   .0155282    66.26   0.000     .9984001     1.05927
                 lnPTotalCattle |  -.2234973   .1047718    -2.13   0.033    -.4288462   -.0181485
lnPCompoundfeedingstuffsforcatt |   .8864375    .129342     6.85   0.000     .6329319    1.139943
 lnPFERTILISERSANDSOILIMPROVERS |   .7643919   .1220525     6.26   0.000     .5251735     1.00361
                          TREND |  -.0456449   .0056966    -8.01   0.000    -.0568101   -.0344797
                          _cons |  -14.89913   .6205428   -24.01   0.000    -16.11537   -13.68289
--------------------------------+----------------------------------------------------------------
Mu                              |
                   lngrassratio |  -.0061912   .0036171    -1.71   0.087    -.0132806    .0008982
                      lnspecial |  -.7704394   .0599506   -12.85   0.000    -.8879404   -.6529384
                          _cons |   6.601316          .        .       .            .           .
--------------------------------+----------------------------------------------------------------
Usigma                          |
                   lngrassratio |  -.0565481   .0216718    -2.61   0.009     -.099024   -.0140722
                      lnspecial |   .4849868   .2598967     1.87   0.062    -.0244014     .994375
                          _cons |   -3.38612   .5402282    -6.27   0.000    -4.444948   -2.327293
--------------------------------+----------------------------------------------------------------
Vsigma                          |
                          TREND |  -4.065595          .        .       .            .           .
                          _cons |  -15.50094   .1282136  -120.90   0.000    -15.75224   -15.24965
--------------------------------+----------------------------------------------------------------
  E(sigma_u) |   .3100837                                 .3094155    .3107519
  E(sigma_v) |   8.95e-06                                 8.38e-06    9.51e-06
------------------------------------------------------------------------------

. estimates store `model1name'_FRA_`tech_or_cost' 

. estimates save `fadnoutdatadir'/`model1name'_FRA_`tech_or_cost'_$datestamp$timestamp.ster, replace
(note: file D:\Data/data_FADNPanelAnalysis/OutData/multisward/bc95_FRA_cost_2015_02_010717pm.ster not found)
file D:\Data/data_FADNPanelAnalysis/OutData/multisward/bc95_FRA_cost_2015_02_010717pm.ster saved

. di `e(converged)'
1

. 
. 
. qui xtreg `dep_vlist' `indep_vlist' TREND if country == "IRE",  fe

. matrix define SV = e(b)

. sfpanel `dep_vlist' `indep_vlist' TREND if country == "IRE",  `cost' model(bc95) d(tnormal) posthessian robust emean(`z_vlist') usigma(`z_vlist') iterate(1000) svfrontier(SV) nolog


numerical derivatives are approximate
nearby values are missing
numerical derivatives are approximate
nearby values are missing
numerical derivatives are approximate
nearby values are missing
numerical derivatives are approximate
nearby values are missing

Inefficiency effects model (truncated-normal)        Number of obs =      3641
Group variable: pid                               Number of groups =       737
Time variable: year                             Obs per group: min =         1
                                                               avg =       4.9
                                                               max =         9

                                                     Prob > chi2   =    0.0000
Log pseudolikelihood =   252.2117                    Wald chi2(5)  =   7408.10

                                                     (Std. Err. adjusted for 737 clusters in pid)
-------------------------------------------------------------------------------------------------
                                |               Robust
           lntotalspecificcosts |      Coef.   Std. Err.      z    P>|z|     [95% Conf. Interval]
--------------------------------+----------------------------------------------------------------
Frontier                        |
                lndairyproducts |   .9843164   .0121956    80.71   0.000     .9604135    1.008219
                 lnPTotalCattle |   .2792466   .0726177     3.85   0.000     .1369186    .4215747
lnPCompoundfeedingstuffsforcatt |   1.005451   .0924279    10.88   0.000     .8242955    1.186606
 lnPFERTILISERSANDSOILIMPROVERS |   .3528096   .0815152     4.33   0.000     .1930427    .5125765
                          TREND |  -.0448671   .0050391    -8.90   0.000    -.0547436   -.0349906
                          _cons |  -13.66105   .5095977   -26.81   0.000    -14.65984   -12.66225
--------------------------------+----------------------------------------------------------------
Mu                              |
                   lngrassratio |   -.070834   .0204872    -3.46   0.001    -.1109881   -.0306798
                      lnspecial |  -.9933845   .0512364   -19.39   0.000    -1.093806   -.8929631
                          _cons |    7.75647          .        .       .            .           .
--------------------------------+----------------------------------------------------------------
Usigma                          |
                   lngrassratio |  -.7010215   .1430524    -4.90   0.000     -.981399    -.420644
                      lnspecial |   1.540806   .7231673     2.13   0.033     .1234241    2.958188
                          _cons |  -7.134617   1.953251    -3.65   0.000    -10.96292   -3.306316
--------------------------------+----------------------------------------------------------------
Vsigma                          |
                          _cons |  -3.294013     .18629   -17.68   0.000    -3.659135   -2.928892
--------------------------------+----------------------------------------------------------------
  E(sigma_u) |   .1205469                                 .1175865    .1235073
     sigma_v |   .1926256   .0179421    10.74   0.000     .1604829    .2312061
------------------------------------------------------------------------------

. estimates store `model1name'_IRE_`tech_or_cost'

. estimates save `fadnoutdatadir'/`model1name'_IRE_`tech_or_cost'_$datestamp$timestamp.ster, replace
(note: file D:\Data/data_FADNPanelAnalysis/OutData/multisward/bc95_IRE_cost_2015_02_010717pm.ster not found)
file D:\Data/data_FADNPanelAnalysis/OutData/multisward/bc95_IRE_cost_2015_02_010717pm.ster saved

. di `e(converged)'
1

. 
. 
. qui xtreg `dep_vlist' `indep_vlist' TREND if country == "UKI",  fe

. matrix define SV = e(b)

. sfpanel `dep_vlist' `indep_vlist' TREND if country == "UKI",  `cost' model(bc95) d(tnormal) posthessian robust emean(`z_vlist') usigma(`z_vlist') iterate(1000) svfrontier(SV) nolog



Inefficiency effects model (truncated-normal)        Number of obs =      5583
Group variable: pid                               Number of groups =      1878
Time variable: year                             Obs per group: min =         1
                                                               avg =       3.0
                                                               max =         9

                                                     Prob > chi2   =    0.0000
Log pseudolikelihood =  -261.7536                    Wald chi2(5)  =  12761.30

                                                    (Std. Err. adjusted for 1878 clusters in pid)
-------------------------------------------------------------------------------------------------
                                |               Robust
           lntotalspecificcosts |      Coef.   Std. Err.      z    P>|z|     [95% Conf. Interval]
--------------------------------+----------------------------------------------------------------
Frontier                        |
                lndairyproducts |   .9868022   .0090065   109.57   0.000     .9691498    1.004455
                 lnPTotalCattle |   .3251516   .0753236     4.32   0.000     .1775201    .4727831
lnPCompoundfeedingstuffsforcatt |   .9665722   .1049721     9.21   0.000     .7608306    1.172314
 lnPFERTILISERSANDSOILIMPROVERS |   .5613646   .0900242     6.24   0.000     .3849205    .7378088
                          TREND |  -.0489942     .00615    -7.97   0.000     -.061048   -.0369403
                          _cons |  -9.792615   .5575664   -17.56   0.000    -10.88542   -8.699805
--------------------------------+----------------------------------------------------------------
Mu                              |
                   lngrassratio |   .0128265   .0027961     4.59   0.000     .0073461    .0183068
                      lnspecial |  -.9257095   .0435204   -21.27   0.000    -1.011008   -.8404111
                          _cons |   3.068647   .3614164     8.49   0.000     2.360284     3.77701
--------------------------------+----------------------------------------------------------------
Usigma                          |
                   lngrassratio |  -8.084767   6.184925    -1.31   0.191      -20.207    4.037462
                      lnspecial |   32.52225   20.57398     1.58   0.114    -7.802006    72.84651
                          _cons |  -118.3312   76.40816    -1.55   0.121    -268.0885    31.42599
--------------------------------+----------------------------------------------------------------
Vsigma                          |
                          _cons |  -2.745988   .0482439   -56.92   0.000    -2.840544   -2.651431
--------------------------------+----------------------------------------------------------------
  E(sigma_u) |    .007379                                 .0006739     .014084
     sigma_v |   .2533474   .0061112    41.46   0.000     .2416483    .2656128
------------------------------------------------------------------------------

. estimates store `model1name'_UKI_`tech_or_cost'

. estimates save `fadnoutdatadir'/`model1name'_UKI_`tech_or_cost'_$datestamp$timestamp.ster, replace
(note: file D:\Data/data_FADNPanelAnalysis/OutData/multisward/bc95_UKI_cost_2015_02_010717pm.ster not found)
file D:\Data/data_FADNPanelAnalysis/OutData/multisward/bc95_UKI_cost_2015_02_010717pm.ster saved

. di `e(converged)'
1

. 
. qui xtreg `dep_vlist' `indep_vlist' TREND if atl_plains == 1, re

. matrix define SV = e(b)

. sfpanel `dep_vlist' `indep_vlist' TREND if atl_plains == 1, `cost'  model(bc95) d(tnormal) posthessian robust emean(`z_vlist') usigma(`z_vlist') vsigma(TREND) iterate(1000) svfrontier(SV
> ) nolog



Inefficiency effects model (truncated-normal)        Number of obs =      7909
Group variable: pid                               Number of groups =      2035
Time variable: year                             Obs per group: min =         1
                                                               avg =       3.9
                                                               max =         9

                                                     Prob > chi2   =    0.0000
Log pseudolikelihood =  2225.5598                    Wald chi2(5)  =  12070.79

                                                    (Std. Err. adjusted for 2035 clusters in pid)
-------------------------------------------------------------------------------------------------
                                |               Robust
           lntotalspecificcosts |      Coef.   Std. Err.      z    P>|z|     [95% Conf. Interval]
--------------------------------+----------------------------------------------------------------
Frontier                        |
                lndairyproducts |   .9861142   .0091918   107.28   0.000     .9680986     1.00413
                 lnPTotalCattle |  -.0744636   .0660941    -1.13   0.260    -.2040057    .0550785
lnPCompoundfeedingstuffsforcatt |   .8125613   .1655755     4.91   0.000     .4880394    1.137083
 lnPFERTILISERSANDSOILIMPROVERS |   .5398114   .0820749     6.58   0.000     .3789474    .7006753
                          TREND |  -.0528968   .0042023   -12.59   0.000    -.0611332   -.0446604
                          _cons |  -22.93313   .6093291   -37.64   0.000     -24.1274   -21.73887
--------------------------------+----------------------------------------------------------------
Mu                              |
                   lngrassratio |  -.0228885   .0052265    -4.38   0.000    -.0331322   -.0126449
                      lnspecial |  -.8929346   .0524468   -17.03   0.000    -.9957285   -.7901407
                          _cons |     16.839          .        .       .            .           .
--------------------------------+----------------------------------------------------------------
Usigma                          |
                   lngrassratio |  -.9040705   .1332478    -6.78   0.000    -1.165231   -.6429096
                      lnspecial |  -5.783776   1.614176    -3.58   0.000    -8.947503   -2.620048
                          _cons |   3.666963   2.966769     1.24   0.216    -2.147797    9.481724
--------------------------------+----------------------------------------------------------------
Vsigma                          |
                          TREND |    .574292   .0216057    26.58   0.000     .5319457    .6166384
                          _cons |  -4.754197   .0797609   -59.61   0.000    -4.910526   -4.597869
--------------------------------+----------------------------------------------------------------
  E(sigma_u) |   .0333495                                 .0246537    .0420452
  E(sigma_v) |   .4910826                                  .483391    .4987742
------------------------------------------------------------------------------

. estimates store `model1name'_ATL_`tech_or_cost'

. estimates save `fadnoutdatadir'/`model1name'_ATL_`tech_or_cost'_$datestamp$timestamp.ster, replace
(note: file D:\Data/data_FADNPanelAnalysis/OutData/multisward/bc95_ATL_cost_2015_02_010717pm.ster not found)
file D:\Data/data_FADNPanelAnalysis/OutData/multisward/bc95_ATL_cost_2015_02_010717pm.ster saved

. di `e(converged)'
1

. 
. 
. * CEU model's likelihood function is difficult. dfp algorithm (tech option) with plain OLS for 
. *   start parameters seems to let the model complete.
. qui reg `dep_vlist' `indep_vlist' TREND if cont_eur == 1

. matrix define SV = e(b)

. sfpanel `dep_vlist' `indep_vlist' TREND if cont_eur == 1,   `cost' model(bc95) d(tnormal) posthessian robust emean(`z_vlist') usigma(`z_vlist') iterate(1000) svfrontier(SV) tech(dfp) nol
> og //nr bhhh bfgs



Inefficiency effects model (truncated-normal)        Number of obs =     20807
Group variable: pid                               Number of groups =      5664
Time variable: year                             Obs per group: min =         1
                                                               avg =       3.7
                                                               max =         9

                                                     Prob > chi2   =    0.0000
Log pseudolikelihood = -4828.1867                    Wald chi2(5)  =  32986.87

                                                    (Std. Err. adjusted for 5664 clusters in pid)
-------------------------------------------------------------------------------------------------
                                |               Robust
           lntotalspecificcosts |      Coef.   Std. Err.      z    P>|z|     [95% Conf. Interval]
--------------------------------+----------------------------------------------------------------
Frontier                        |
                lndairyproducts |   1.049134   .0064572   162.48   0.000     1.036478    1.061789
                 lnPTotalCattle |  -.0009097   .0428776    -0.02   0.983    -.0849483    .0831288
lnPCompoundfeedingstuffsforcatt |   .7128281    .029089    24.51   0.000     .6558147    .7698416
 lnPFERTILISERSANDSOILIMPROVERS |    .595779   .0488227    12.20   0.000     .5000883    .6914697
                          TREND |    -.02197   .0024932    -8.81   0.000    -.0268566   -.0170833
                          _cons |  -11.06895   .3627576   -30.51   0.000    -11.77994   -10.35795
--------------------------------+----------------------------------------------------------------
Mu                              |
                   lngrassratio |   .0178601   .0020881     8.55   0.000     .0137675    .0219527
                      lnspecial |  -.8178392   .0365372   -22.38   0.000    -.8894508   -.7462275
                          _cons |   4.163663   .3089181    13.48   0.000     3.558195    4.769132
--------------------------------+----------------------------------------------------------------
Usigma                          |
                   lngrassratio |   2.124743   .3482336     6.10   0.000     1.442217    2.807268
                      lnspecial |   6.511743   1.415769     4.60   0.000     3.736886    9.286601
                          _cons |  -20.18028   2.898377    -6.96   0.000      -25.861   -14.49957
--------------------------------+----------------------------------------------------------------
Vsigma                          |
                          _cons |  -2.512349     .03552   -70.73   0.000    -2.581967   -2.442731
--------------------------------+----------------------------------------------------------------
  E(sigma_u) |   .0957914                                 .0879431    .1036398
     sigma_v |   .2847412    .005057    56.31   0.000     .2750002    .2948273
------------------------------------------------------------------------------

. estimates store `model1name'_CEU_`tech_or_cost'

. estimates save `fadnoutdatadir'/`model1name'_CEU_`tech_or_cost'_$datestamp$timestamp.ster, replace
(note: file D:\Data/data_FADNPanelAnalysis/OutData/multisward/bc95_CEU_cost_2015_02_010717pm.ster not found)
file D:\Data/data_FADNPanelAnalysis/OutData/multisward/bc95_CEU_cost_2015_02_010717pm.ster saved

. di `e(converged)'
1

. 
. 
. sfpanel `dep_vlist' `indep_vlist' TREND , `cost' model(bc95) d(tnormal) posthessian robust emean(`z_vlist') usigma(`z_vlist') vsigma(TREND) iterate(1000)  tech(dfp) nolog // not specifyi
> ng svfrontier is best



Inefficiency effects model (truncated-normal)        Number of obs =     28716
Group variable: pid                               Number of groups =      7699
Time variable: year                             Obs per group: min =         1
                                                               avg =       3.7
                                                               max =         9

                                                     Prob > chi2   =    0.0000
Log pseudolikelihood =  3213.2293                    Wald chi2(5)  =  30345.77

                                                    (Std. Err. adjusted for 7699 clusters in pid)
-------------------------------------------------------------------------------------------------
                                |               Robust
           lntotalspecificcosts |      Coef.   Std. Err.      z    P>|z|     [95% Conf. Interval]
--------------------------------+----------------------------------------------------------------
Frontier                        |
                lndairyproducts |   1.030144   .0060196   171.13   0.000     1.018346    1.041943
                 lnPTotalCattle |   .0749875   .0372447     2.01   0.044     .0019891    .1479858
lnPCompoundfeedingstuffsforcatt |    .995839   .0841683    11.83   0.000     .8308722    1.160806
 lnPFERTILISERSANDSOILIMPROVERS |   .2448305   .0519697     4.71   0.000     .1429716    .3466893
                          TREND |  -.0225763   .0022296   -10.13   0.000    -.0269463   -.0182062
                          _cons |  -9.442915   .7848683   -12.03   0.000    -10.98123   -7.904601
--------------------------------+----------------------------------------------------------------
Mu                              |
                   lngrassratio |   .0106648     .00216     4.94   0.000     .0064312    .0148984
                      lnspecial |  -.8633553   .0414149   -20.85   0.000     -.944527   -.7821836
                          _cons |   3.192732   .7322003     4.36   0.000     1.757646    4.627818
--------------------------------+----------------------------------------------------------------
Usigma                          |
                   lngrassratio |     2.4282   .6538608     3.71   0.000     1.146656    3.709744
                      lnspecial |   16.07094   2.153496     7.46   0.000     11.85016    20.29171
                          _cons |  -43.94304   4.652453    -9.45   0.000    -53.06168    -34.8244
--------------------------------+----------------------------------------------------------------
Vsigma                          |
                          TREND |    .559062    .012522    44.65   0.000     .5345195    .5836046
                          _cons |   -4.39385   .0481191   -91.31   0.000    -4.488162   -4.299538
--------------------------------+----------------------------------------------------------------
  E(sigma_u) |   2129.882                                -2031.823    6291.586
  E(sigma_v) |   .5591153                                 .5546247     .563606
------------------------------------------------------------------------------

. estimates store `model1name'_ALL_`tech_or_cost'

. estimates save `fadnoutdatadir'/`model1name'_ALL_`tech_or_cost'_$datestamp$timestamp.ster, replace
(note: file D:\Data/data_FADNPanelAnalysis/OutData/multisward/bc95_ALL_cost_2015_02_010717pm.ster not found)
file D:\Data/data_FADNPanelAnalysis/OutData/multisward/bc95_ALL_cost_2015_02_010717pm.ster saved

. di `e(converged)'
1

. 
. log close
      name:  <unnamed>
       log:  D:\Data\data_FADNPanelAnalysis\Do_Files\multisward\logs/multisward2015_02_01.txt
  log type:  text
 closed on:   1 Feb 2015, 19:19:53
--------------------------------------------------------------------------------------------------------------------------------------------------------------------------------------------
--------------------------------------------------------------------------------------------------------------------------------------------------------------------------------------------
      name:  <unnamed>
       log:  D:\Data\data_FADNPanelAnalysis\Do_Files\multisward\logs/multisward2015_02_01.txt
  log type:  text
 opened on:   1 Feb 2015, 19:25:00

. di  "Job  Started  at  $S_TIME  on $S_DATE"
Job  Started  at  19:25:00  on  1 Feb 2015

. cmdlog using logs/$project$datestamp.cmd.txt, append 
(cmdlog D:\Data\data_FADNPanelAnalysis\Do_Files\multisward\logs/multisward2015_02_01.cmd.txt opened)

. 
. * dpallocgo will be neg if beefandveal < 0 and large. Causes missing 
. *  value in lnspecial. There's < 10 of these in each country, and they
. *  represent about 1700 farm-years over the entire sample of over 
. *  1.25 million farm-years
. drop if dpallocgo < 0
(16 observations deleted)

. 
. preserve

. 
. 
. drop country

. gen int country = countrycode2

. keep pid year country `dep_vlist' `indep_vlist' `z_vlist' TREND

. 
. outsheet _all using `fadnoutdatadir'/exported_data.csv, comma replace nolabel

. save `fadnoutdatadir'/exported_data.dta, replace nolabel
file D:\\Data/data_FADNPanelAnalysis/OutData/multisward/exported_data.dta saved

. 
. restore

. 
. 
. 
. * ===================
. * MODEL COMMANDS HERE
. * ===================
. if "`cost'"=="cost"{
.         local   tech_or_cost    "cost"
. }

. else{
.         local   tech_or_cost    "tech"
. }

. 
. 
. qui xtreg `dep_vlist' `indep_vlist' TREND if country == "DEU",  fe

. matrix define SV = e(b)

. sfpanel `dep_vlist' `indep_vlist' TREND if country == "DEU",  `cost' model(bc95) d(tnormal) posthessian robust emean(`z_vlist') vsigma(TREND) iterate(1000) svfrontier(SV) nolog


numerical derivatives are approximate
nearby values are missing
numerical derivatives are approximate
nearby values are missing
numerical derivatives are approximate
nearby values are missing
numerical derivatives are approximate
nearby values are missing
numerical derivatives are approximate
nearby values are missing
numerical derivatives are approximate
nearby values are missing
numerical derivatives are approximate
nearby values are missing

Inefficiency effects model (truncated-normal)        Number of obs =     14880
Group variable: pid                               Number of groups =      3151
Time variable: year                             Obs per group: min =         1
                                                               avg =       4.7
                                                               max =         9

                                                     Prob > chi2   =    0.0000
Log pseudolikelihood =  2870.9483                    Wald chi2(5)  =  11520.69

                                                    (Std. Err. adjusted for 3151 clusters in pid)
-------------------------------------------------------------------------------------------------
                                |               Robust
           lntotalspecificcosts |      Coef.   Std. Err.      z    P>|z|     [95% Conf. Interval]
--------------------------------+----------------------------------------------------------------
Frontier                        |
                lndairyproducts |   1.049748   .0100323   104.64   0.000     1.030085    1.069411
                 lnPTotalCattle |   .1761093   .0523073     3.37   0.001     .0735888    .2786298
lnPCompoundfeedingstuffsforcatt |   .3680852   .0530189     6.94   0.000       .26417    .4720004
 lnPFERTILISERSANDSOILIMPROVERS |   .1256126   .0520439     2.41   0.016     .0236085    .2276168
                          TREND |    .004899   .0028589     1.71   0.087    -.0007044    .0105023
                          _cons |  -5.315921   .2928465   -18.15   0.000     -5.88989   -4.741953
--------------------------------+----------------------------------------------------------------
Mu                              |
                   lngrassratio |   .0281814   .0031064     9.07   0.000      .022093    .0342697
                      lnspecial |  -.7048304          .        .       .            .           .
                          _cons |   1.855237          .        .       .            .           .
--------------------------------+----------------------------------------------------------------
Usigma                          |
                          _cons |  -7.837422   .1337345   -58.60   0.000    -8.099537   -7.575307
--------------------------------+----------------------------------------------------------------
Vsigma                          |
                          TREND |   .7480375    .022201    33.69   0.000     .7045244    .7915506
                          _cons |  -4.733207   .0695777   -68.03   0.000    -4.869577   -4.596837
--------------------------------+----------------------------------------------------------------
  E(sigma_v) |   .9038605                                 .8908803    .9168408
     sigma_u |   .0198667   .0013284    14.96   0.000     .0174264    .0226487
------------------------------------------------------------------------------

. estimates store `model1name'_DEU_`tech_or_cost'

. estimates save `fadnoutdatadir'/`model1name'_DEU_`tech_or_cost'_$datestamp$timestamp.ster, replace
(note: file D:\Data/data_FADNPanelAnalysis/OutData/multisward/bc95_DEU_cost_2015_02_010724pm.ster not found)
file D:\Data/data_FADNPanelAnalysis/OutData/multisward/bc95_DEU_cost_2015_02_010724pm.ster saved

. di `e(converged)'
1

. 
. 
. qui xtreg `dep_vlist' `indep_vlist' TREND if country == "FRA",  fe

. matrix define SV = e(b)

. sfpanel `dep_vlist' `indep_vlist' TREND if country == "FRA",  `cost' model(bc95) d(tnormal) posthessian robust emean(`z_vlist') usigma(`z_vlist') vsigma(TREND) iterate(1000) svfrontier(S
> V) nolog



Inefficiency effects model (truncated-normal)        Number of obs =      4612
Group variable: pid                               Number of groups =      1933
Time variable: year                             Obs per group: min =         1
                                                               avg =       2.4
                                                               max =         8

                                                     Prob > chi2   =    0.0000
Log pseudolikelihood = -1118.8758                    Wald chi2(5)  =   4687.63

                                                    (Std. Err. adjusted for 1933 clusters in pid)
-------------------------------------------------------------------------------------------------
                                |               Robust
           lntotalspecificcosts |      Coef.   Std. Err.      z    P>|z|     [95% Conf. Interval]
--------------------------------+----------------------------------------------------------------
Frontier                        |
                lndairyproducts |   1.028835   .0155282    66.26   0.000     .9984001     1.05927
                 lnPTotalCattle |  -.2234973   .1047718    -2.13   0.033    -.4288462   -.0181485
lnPCompoundfeedingstuffsforcatt |   .8864375    .129342     6.85   0.000     .6329319    1.139943
 lnPFERTILISERSANDSOILIMPROVERS |   .7643919   .1220525     6.26   0.000     .5251735     1.00361
                          TREND |  -.0456449   .0056966    -8.01   0.000    -.0568101   -.0344797
                          _cons |  -14.89913   .6205428   -24.01   0.000    -16.11537   -13.68289
--------------------------------+----------------------------------------------------------------
Mu                              |
                   lngrassratio |  -.0061912   .0036171    -1.71   0.087    -.0132806    .0008982
                      lnspecial |  -.7704394   .0599506   -12.85   0.000    -.8879404   -.6529384
                          _cons |   6.601316          .        .       .            .           .
--------------------------------+----------------------------------------------------------------
Usigma                          |
                   lngrassratio |  -.0565481   .0216718    -2.61   0.009     -.099024   -.0140722
                      lnspecial |   .4849868   .2598967     1.87   0.062    -.0244014     .994375
                          _cons |   -3.38612   .5402282    -6.27   0.000    -4.444948   -2.327293
--------------------------------+----------------------------------------------------------------
Vsigma                          |
                          TREND |  -4.065595          .        .       .            .           .
                          _cons |  -15.50094   .1282136  -120.90   0.000    -15.75224   -15.24965
--------------------------------+----------------------------------------------------------------
  E(sigma_u) |   .3100837                                 .3094155    .3107519
  E(sigma_v) |   8.95e-06                                 8.38e-06    9.51e-06
------------------------------------------------------------------------------

. estimates store `model1name'_FRA_`tech_or_cost' 

. estimates save `fadnoutdatadir'/`model1name'_FRA_`tech_or_cost'_$datestamp$timestamp.ster, replace
(note: file D:\Data/data_FADNPanelAnalysis/OutData/multisward/bc95_FRA_cost_2015_02_010724pm.ster not found)
file D:\Data/data_FADNPanelAnalysis/OutData/multisward/bc95_FRA_cost_2015_02_010724pm.ster saved

. di `e(converged)'
1

. 
. 
. qui xtreg `dep_vlist' `indep_vlist' TREND if country == "IRE",  fe

. matrix define SV = e(b)

. sfpanel `dep_vlist' `indep_vlist' TREND if country == "IRE",  `cost' model(bc95) d(tnormal) posthessian robust emean(`z_vlist') usigma(`z_vlist') iterate(1000) svfrontier(SV) nolog


numerical derivatives are approximate
nearby values are missing
numerical derivatives are approximate
nearby values are missing
numerical derivatives are approximate
nearby values are missing
numerical derivatives are approximate
nearby values are missing

Inefficiency effects model (truncated-normal)        Number of obs =      3641
Group variable: pid                               Number of groups =       737
Time variable: year                             Obs per group: min =         1
                                                               avg =       4.9
                                                               max =         9

                                                     Prob > chi2   =    0.0000
Log pseudolikelihood =   252.2117                    Wald chi2(5)  =   7408.10

                                                     (Std. Err. adjusted for 737 clusters in pid)
-------------------------------------------------------------------------------------------------
                                |               Robust
           lntotalspecificcosts |      Coef.   Std. Err.      z    P>|z|     [95% Conf. Interval]
--------------------------------+----------------------------------------------------------------
Frontier                        |
                lndairyproducts |   .9843164   .0121956    80.71   0.000     .9604135    1.008219
                 lnPTotalCattle |   .2792466   .0726177     3.85   0.000     .1369186    .4215747
lnPCompoundfeedingstuffsforcatt |   1.005451   .0924279    10.88   0.000     .8242955    1.186606
 lnPFERTILISERSANDSOILIMPROVERS |   .3528096   .0815152     4.33   0.000     .1930427    .5125765
                          TREND |  -.0448671   .0050391    -8.90   0.000    -.0547436   -.0349906
                          _cons |  -13.66105   .5095977   -26.81   0.000    -14.65984   -12.66225
--------------------------------+----------------------------------------------------------------
Mu                              |
                   lngrassratio |   -.070834   .0204872    -3.46   0.001    -.1109881   -.0306798
                      lnspecial |  -.9933845   .0512364   -19.39   0.000    -1.093806   -.8929631
                          _cons |    7.75647          .        .       .            .           .
--------------------------------+----------------------------------------------------------------
Usigma                          |
                   lngrassratio |  -.7010215   .1430524    -4.90   0.000     -.981399    -.420644
                      lnspecial |   1.540806   .7231673     2.13   0.033     .1234241    2.958188
                          _cons |  -7.134617   1.953251    -3.65   0.000    -10.96292   -3.306316
--------------------------------+----------------------------------------------------------------
Vsigma                          |
                          _cons |  -3.294013     .18629   -17.68   0.000    -3.659135   -2.928892
--------------------------------+----------------------------------------------------------------
  E(sigma_u) |   .1205469                                 .1175865    .1235073
     sigma_v |   .1926256   .0179421    10.74   0.000     .1604829    .2312061
------------------------------------------------------------------------------

. estimates store `model1name'_IRE_`tech_or_cost'

. estimates save `fadnoutdatadir'/`model1name'_IRE_`tech_or_cost'_$datestamp$timestamp.ster, replace
(note: file D:\Data/data_FADNPanelAnalysis/OutData/multisward/bc95_IRE_cost_2015_02_010724pm.ster not found)
file D:\Data/data_FADNPanelAnalysis/OutData/multisward/bc95_IRE_cost_2015_02_010724pm.ster saved

. di `e(converged)'
1

. 
. 
. qui xtreg `dep_vlist' `indep_vlist' TREND if country == "UKI",  fe

. matrix define SV = e(b)

. sfpanel `dep_vlist' `indep_vlist' TREND if country == "UKI",  `cost' model(bc95) d(tnormal) posthessian robust emean(`z_vlist') usigma(`z_vlist') iterate(1000) svfrontier(SV) nolog



Inefficiency effects model (truncated-normal)        Number of obs =      5583
Group variable: pid                               Number of groups =      1878
Time variable: year                             Obs per group: min =         1
                                                               avg =       3.0
                                                               max =         9

                                                     Prob > chi2   =    0.0000
Log pseudolikelihood =  -261.7536                    Wald chi2(5)  =  12761.30

                                                    (Std. Err. adjusted for 1878 clusters in pid)
-------------------------------------------------------------------------------------------------
                                |               Robust
           lntotalspecificcosts |      Coef.   Std. Err.      z    P>|z|     [95% Conf. Interval]
--------------------------------+----------------------------------------------------------------
Frontier                        |
                lndairyproducts |   .9868022   .0090065   109.57   0.000     .9691498    1.004455
                 lnPTotalCattle |   .3251516   .0753236     4.32   0.000     .1775201    .4727831
lnPCompoundfeedingstuffsforcatt |   .9665722   .1049721     9.21   0.000     .7608306    1.172314
 lnPFERTILISERSANDSOILIMPROVERS |   .5613646   .0900242     6.24   0.000     .3849205    .7378088
                          TREND |  -.0489942     .00615    -7.97   0.000     -.061048   -.0369403
                          _cons |  -9.792615   .5575664   -17.56   0.000    -10.88542   -8.699805
--------------------------------+----------------------------------------------------------------
Mu                              |
                   lngrassratio |   .0128265   .0027961     4.59   0.000     .0073461    .0183068
                      lnspecial |  -.9257095   .0435204   -21.27   0.000    -1.011008   -.8404111
                          _cons |   3.068647   .3614164     8.49   0.000     2.360284     3.77701
--------------------------------+----------------------------------------------------------------
Usigma                          |
                   lngrassratio |  -8.084767   6.184925    -1.31   0.191      -20.207    4.037462
                      lnspecial |   32.52225   20.57398     1.58   0.114    -7.802006    72.84651
                          _cons |  -118.3312   76.40816    -1.55   0.121    -268.0885    31.42599
--------------------------------+----------------------------------------------------------------
Vsigma                          |
                          _cons |  -2.745988   .0482439   -56.92   0.000    -2.840544   -2.651431
--------------------------------+----------------------------------------------------------------
  E(sigma_u) |    .007379                                 .0006739     .014084
     sigma_v |   .2533474   .0061112    41.46   0.000     .2416483    .2656128
------------------------------------------------------------------------------

. estimates store `model1name'_UKI_`tech_or_cost'

. estimates save `fadnoutdatadir'/`model1name'_UKI_`tech_or_cost'_$datestamp$timestamp.ster, replace
(note: file D:\Data/data_FADNPanelAnalysis/OutData/multisward/bc95_UKI_cost_2015_02_010724pm.ster not found)
file D:\Data/data_FADNPanelAnalysis/OutData/multisward/bc95_UKI_cost_2015_02_010724pm.ster saved

. di `e(converged)'
1

. 
. qui xtreg `dep_vlist' `indep_vlist' TREND if atl_plains == 1, re

. matrix define SV = e(b)

. sfpanel `dep_vlist' `indep_vlist' TREND if atl_plains == 1, `cost'  model(bc95) d(tnormal) posthessian robust emean(`z_vlist') usigma(`z_vlist') vsigma(TREND) iterate(1000) svfrontier(SV
> ) nolog



Inefficiency effects model (truncated-normal)        Number of obs =      7909
Group variable: pid                               Number of groups =      2035
Time variable: year                             Obs per group: min =         1
                                                               avg =       3.9
                                                               max =         9

                                                     Prob > chi2   =    0.0000
Log pseudolikelihood =  2225.6143                    Wald chi2(5)  =  12069.45

                                                    (Std. Err. adjusted for 2035 clusters in pid)
-------------------------------------------------------------------------------------------------
                                |               Robust
           lntotalspecificcosts |      Coef.   Std. Err.      z    P>|z|     [95% Conf. Interval]
--------------------------------+----------------------------------------------------------------
Frontier                        |
                lndairyproducts |   .9861077   .0091921   107.28   0.000     .9680914    1.004124
                 lnPTotalCattle |  -.0744433   .0660922    -1.13   0.260    -.2039816     .055095
lnPCompoundfeedingstuffsforcatt |   .8125142   .1655773     4.91   0.000     .4879887     1.13704
 lnPFERTILISERSANDSOILIMPROVERS |    .539842    .082073     6.58   0.000     .3789819    .7007021
                          TREND |  -.0528966   .0042025   -12.59   0.000    -.0611335   -.0446598
                          _cons |  -21.41996   .6093372   -35.15   0.000    -22.61424   -20.22568
--------------------------------+----------------------------------------------------------------
Mu                              |
                   lngrassratio |  -.0228852   .0052375    -4.37   0.000    -.0331505   -.0126199
                      lnspecial |  -.8928877   .0524647   -17.02   0.000    -.9957166   -.7900589
                          _cons |   15.32588          .        .       .            .           .
--------------------------------+----------------------------------------------------------------
Usigma                          |
                   lngrassratio |  -.9048052   .1334625    -6.78   0.000    -1.166387   -.6432235
                      lnspecial |  -5.800039   1.677102    -3.46   0.001    -9.087099   -2.512979
                          _cons |   3.695552   3.078404     1.20   0.230    -2.338009    9.729113
--------------------------------+----------------------------------------------------------------
Vsigma                          |
                          TREND |   .5742734   .0216079    26.58   0.000     .5319227    .6166241
                          _cons |  -4.754094    .079802   -59.57   0.000    -4.910503   -4.597685
--------------------------------+----------------------------------------------------------------
  E(sigma_u) |   .0334277                                 .0246089    .0422465
  E(sigma_v) |   .4910776                                 .4833864    .4987689
------------------------------------------------------------------------------

. estimates store `model1name'_ATL_`tech_or_cost'

. estimates save `fadnoutdatadir'/`model1name'_ATL_`tech_or_cost'_$datestamp$timestamp.ster, replace
(note: file D:\Data/data_FADNPanelAnalysis/OutData/multisward/bc95_ATL_cost_2015_02_010724pm.ster not found)
file D:\Data/data_FADNPanelAnalysis/OutData/multisward/bc95_ATL_cost_2015_02_010724pm.ster saved

. di `e(converged)'
1

. 
. 
. * CEU model's likelihood function is difficult. dfp algorithm (tech option) with plain OLS for 
. *   start parameters seems to let the model complete.
. qui reg `dep_vlist' `indep_vlist' TREND if cont_eur == 1

. matrix define SV = e(b)

. sfpanel `dep_vlist' `indep_vlist' TREND if cont_eur == 1,   `cost' model(bc95) d(tnormal) posthessian robust emean(`z_vlist') usigma(`z_vlist') iterate(1000) svfrontier(SV) tech(dfp) nol
> og //nr bhhh bfgs



Inefficiency effects model (truncated-normal)        Number of obs =     20807
Group variable: pid                               Number of groups =      5664
Time variable: year                             Obs per group: min =         1
                                                               avg =       3.7
                                                               max =         9

                                                     Prob > chi2   =    0.0000
Log pseudolikelihood = -4828.1867                    Wald chi2(5)  =  32986.87

                                                    (Std. Err. adjusted for 5664 clusters in pid)
-------------------------------------------------------------------------------------------------
                                |               Robust
           lntotalspecificcosts |      Coef.   Std. Err.      z    P>|z|     [95% Conf. Interval]
--------------------------------+----------------------------------------------------------------
Frontier                        |
                lndairyproducts |   1.049134   .0064572   162.48   0.000     1.036478    1.061789
                 lnPTotalCattle |  -.0009097   .0428776    -0.02   0.983    -.0849483    .0831288
lnPCompoundfeedingstuffsforcatt |   .7128281    .029089    24.51   0.000     .6558147    .7698416
 lnPFERTILISERSANDSOILIMPROVERS |    .595779   .0488227    12.20   0.000     .5000883    .6914697
                          TREND |    -.02197   .0024932    -8.81   0.000    -.0268566   -.0170833
                          _cons |  -11.06895   .3627576   -30.51   0.000    -11.77994   -10.35795
--------------------------------+----------------------------------------------------------------
Mu                              |
                   lngrassratio |   .0178601   .0020881     8.55   0.000     .0137675    .0219527
                      lnspecial |  -.8178392   .0365372   -22.38   0.000    -.8894508   -.7462275
                          _cons |   4.163663   .3089181    13.48   0.000     3.558195    4.769132
--------------------------------+----------------------------------------------------------------
Usigma                          |
                   lngrassratio |   2.124743   .3482336     6.10   0.000     1.442217    2.807268
                      lnspecial |   6.511743   1.415769     4.60   0.000     3.736886    9.286601
                          _cons |  -20.18028   2.898377    -6.96   0.000      -25.861   -14.49957
--------------------------------+----------------------------------------------------------------
Vsigma                          |
                          _cons |  -2.512349     .03552   -70.73   0.000    -2.581967   -2.442731
--------------------------------+----------------------------------------------------------------
  E(sigma_u) |   .0957914                                 .0879431    .1036398
     sigma_v |   .2847412    .005057    56.31   0.000     .2750002    .2948273
------------------------------------------------------------------------------

. estimates store `model1name'_CEU_`tech_or_cost'

. estimates save `fadnoutdatadir'/`model1name'_CEU_`tech_or_cost'_$datestamp$timestamp.ster, replace
(note: file D:\Data/data_FADNPanelAnalysis/OutData/multisward/bc95_CEU_cost_2015_02_010724pm.ster not found)
file D:\Data/data_FADNPanelAnalysis/OutData/multisward/bc95_CEU_cost_2015_02_010724pm.ster saved

. di `e(converged)'
1

. 
. 
. sfpanel `dep_vlist' `indep_vlist' TREND , `cost' model(bc95) d(tnormal) posthessian robust emean(`z_vlist') usigma(`z_vlist') vsigma(TREND) iterate(1000)  tech(dfp) nolog // not specifyi
> ng svfrontier is best



Inefficiency effects model (truncated-normal)        Number of obs =     28716
Group variable: pid                               Number of groups =      7699
Time variable: year                             Obs per group: min =         1
                                                               avg =       3.7
                                                               max =         9

                                                     Prob > chi2   =    0.0000
Log pseudolikelihood =  3213.2293                    Wald chi2(5)  =  30345.77

                                                    (Std. Err. adjusted for 7699 clusters in pid)
-------------------------------------------------------------------------------------------------
                                |               Robust
           lntotalspecificcosts |      Coef.   Std. Err.      z    P>|z|     [95% Conf. Interval]
--------------------------------+----------------------------------------------------------------
Frontier                        |
                lndairyproducts |   1.030144   .0060196   171.13   0.000     1.018346    1.041943
                 lnPTotalCattle |   .0749875   .0372447     2.01   0.044     .0019891    .1479858
lnPCompoundfeedingstuffsforcatt |    .995839   .0841683    11.83   0.000     .8308722    1.160806
 lnPFERTILISERSANDSOILIMPROVERS |   .2448305   .0519697     4.71   0.000     .1429716    .3466893
                          TREND |  -.0225763   .0022296   -10.13   0.000    -.0269463   -.0182062
                          _cons |  -9.442915   .7848683   -12.03   0.000    -10.98123   -7.904601
--------------------------------+----------------------------------------------------------------
Mu                              |
                   lngrassratio |   .0106648     .00216     4.94   0.000     .0064312    .0148984
                      lnspecial |  -.8633553   .0414149   -20.85   0.000     -.944527   -.7821836
                          _cons |   3.192732   .7322003     4.36   0.000     1.757646    4.627818
--------------------------------+----------------------------------------------------------------
Usigma                          |
                   lngrassratio |     2.4282   .6538608     3.71   0.000     1.146656    3.709744
                      lnspecial |   16.07094   2.153496     7.46   0.000     11.85016    20.29171
                          _cons |  -43.94304   4.652453    -9.45   0.000    -53.06168    -34.8244
--------------------------------+----------------------------------------------------------------
Vsigma                          |
                          TREND |    .559062    .012522    44.65   0.000     .5345195    .5836046
                          _cons |   -4.39385   .0481191   -91.31   0.000    -4.488162   -4.299538
--------------------------------+----------------------------------------------------------------
  E(sigma_u) |   2129.882                                -2031.823    6291.586
  E(sigma_v) |   .5591153                                 .5546247     .563606
------------------------------------------------------------------------------

. estimates store `model1name'_ALL_`tech_or_cost'

. estimates save `fadnoutdatadir'/`model1name'_ALL_`tech_or_cost'_$datestamp$timestamp.ster, replace
(note: file D:\Data/data_FADNPanelAnalysis/OutData/multisward/bc95_ALL_cost_2015_02_010724pm.ster not found)
file D:\Data/data_FADNPanelAnalysis/OutData/multisward/bc95_ALL_cost_2015_02_010724pm.ster saved

. di `e(converged)'
1

. 
. log close
      name:  <unnamed>
       log:  D:\Data\data_FADNPanelAnalysis\Do_Files\multisward\logs/multisward2015_02_01.txt
  log type:  text
 closed on:   1 Feb 2015, 19:27:34
--------------------------------------------------------------------------------------------------------------------------------------------------------------------------------------------
--------------------------------------------------------------------------------------------------------------------------------------------------------------------------------------------
      name:  <unnamed>
       log:  D:\Data\data_FADNPanelAnalysis\Do_Files\multisward\logs/multisward2015_02_01.txt
  log type:  text
 opened on:   1 Feb 2015, 19:38:46

. di  "Job  Started  at  $S_TIME  on $S_DATE"
Job  Started  at  19:38:46  on  1 Feb 2015

. cmdlog using logs/$project$datestamp.cmd.txt, append 
(cmdlog D:\Data\data_FADNPanelAnalysis\Do_Files\multisward\logs/multisward2015_02_01.cmd.txt opened)

. 
. * dpallocgo will be neg if beefandveal < 0 and large. Causes missing 
. *  value in lnspecial. There's < 10 of these in each country, and they
. *  represent about 1700 farm-years over the entire sample of over 
. *  1.25 million farm-years
. drop if dpallocgo < 0
(16 observations deleted)

. 
. preserve

. 
. 
. drop country

. gen int country = countrycode2

. keep pid year country `dep_vlist' `indep_vlist' `z_vlist' TREND

. 
. outsheet _all using `fadnoutdatadir'/exported_data.csv, comma replace nolabel

. save `fadnoutdatadir'/exported_data.dta, replace nolabel
file D:\\Data/data_FADNPanelAnalysis/OutData/multisward/exported_data.dta saved

. 
. restore

. 
. 
. 
. * ===================
. * MODEL COMMANDS HERE
. * ===================
. if "`cost'"=="cost"{
.         local   tech_or_cost    "cost"
. }

. else{
.         local   tech_or_cost    "tech"
. }

. 
. 
. qui xtreg `dep_vlist' `indep_vlist' TREND if country == "DEU",  fe

. matrix define SV = e(b)

. sfpanel `dep_vlist' `indep_vlist' TREND if country == "DEU",  `cost' model(bc95) d(tnormal) posthessian robust emean(`z_vlist') vsigma(TREND) iterate(1000) svfrontier(SV) nolog


numerical derivatives are approximate
nearby values are missing
numerical derivatives are approximate
nearby values are missing
numerical derivatives are approximate
nearby values are missing
numerical derivatives are approximate
nearby values are missing
numerical derivatives are approximate
nearby values are missing
numerical derivatives are approximate
nearby values are missing
numerical derivatives are approximate
nearby values are missing
numerical derivatives are approximate
nearby values are missing
numerical derivatives are approximate
nearby values are missing
numerical derivatives are approximate
nearby values are missing
numerical derivatives are approximate
nearby values are missing
numerical derivatives are approximate
nearby values are missing
could not calculate numerical derivatives -- discontinuous region with missing values encountered
could not calculate numerical derivatives -- discontinuous region with missing values encountered
estimates post: matrix has missing values
r(504);

end of do-file
There was a problem running multisward.
D:\Data

end of do-file


. do run_thesis

. quietly {
You started in this directory:
D:\Data\





Running multisward project...
_startdir:      D:\Data
_datasource:    D:\Data\data_FADNPanelAnalysis
_project:       multisward
_mainfile:      msward_WFSresults_cost_fixed
D:\Data\data_FADNPanelAnalysis
D:\Data\data_FADNPanelAnalysis\Do_Files\multisward

. quiet{
--------------------------------------------------------------------------------------------------------------------------------------------------------------------------------------------
      name:  <unnamed>
       log:  D:\Data\data_FADNPanelAnalysis\Do_Files\multisward\logs/multisward2015_02_01.txt
  log type:  text
 opened on:   1 Feb 2015, 19:44:42

. di  "Job  Started  at  $S_TIME  on $S_DATE"
Job  Started  at  19:44:42  on  1 Feb 2015

. cmdlog using logs/$project$datestamp.cmd.txt, append 
(cmdlog D:\Data\data_FADNPanelAnalysis\Do_Files\multisward\logs/multisward2015_02_01.cmd.txt opened)

. 
. * dpallocgo will be neg if beefandveal < 0 and large. Causes missing 
. *  value in lnspecial. There's < 10 of these in each country, and they
. *  represent about 1700 farm-years over the entire sample of over 
. *  1.25 million farm-years
. drop if dpallocgo < 0
(16 observations deleted)

. 
. preserve

. 
. 
. drop country

. gen int country = countrycode2

. keep pid year country `dep_vlist' `indep_vlist' `z_vlist' TREND

. 
. outsheet _all using `fadnoutdatadir'/exported_data.csv, comma replace nolabel

. save `fadnoutdatadir'/exported_data.dta, replace nolabel
file D:\\Data/data_FADNPanelAnalysis/OutData/multisward/exported_data.dta saved

. 
. restore

. 
. 
. 
. * ===================
. * MODEL COMMANDS HERE
. * ===================
. if "`cost'"=="cost"{
.         local   tech_or_cost    "cost"
. }

. else{
.         local   tech_or_cost    "tech"
. }

. 
. 
. qui xtreg `dep_vlist' `indep_vlist' TREND if country == "DEU",  fe

. matrix define SV = e(b)

. sfpanel `dep_vlist' `indep_vlist' TREND if country == "DEU",  `cost' model(bc95) d(tnormal) posthessian robust emean(`z_vlist') vsigma(TREND) iterate(1000) svfrontier(SV) nolog


numerical derivatives are approximate
nearby values are missing
numerical derivatives are approximate
nearby values are missing
numerical derivatives are approximate
nearby values are missing
numerical derivatives are approximate
nearby values are missing
numerical derivatives are approximate
nearby values are missing
numerical derivatives are approximate
nearby values are missing
numerical derivatives are approximate
nearby values are missing
numerical derivatives are approximate
nearby values are missing
numerical derivatives are approximate
nearby values are missing
numerical derivatives are approximate
nearby values are missing
numerical derivatives are approximate
nearby values are missing
numerical derivatives are approximate
nearby values are missing
could not calculate numerical derivatives -- discontinuous region with missing values encountered
could not calculate numerical derivatives -- discontinuous region with missing values encountered
estimates post: matrix has missing values
r(504);

end of do-file
There was a problem running multisward.
D:\Data

end of do-file


. do run_thesis

. quietly {
You started in this directory:
D:\Data\





Running multisward project...
_startdir:      D:\Data
_datasource:    D:\Data\data_FADNPanelAnalysis
_project:       multisward
_mainfile:      msward_WFSresults_cost_fixed
D:\Data\data_FADNPanelAnalysis
D:\Data\data_FADNPanelAnalysis\Do_Files\multisward

. quiet{
--------------------------------------------------------------------------------------------------------------------------------------------------------------------------------------------
      name:  <unnamed>
       log:  D:\Data\data_FADNPanelAnalysis\Do_Files\multisward\logs/multisward2015_02_01.txt
  log type:  text
 opened on:   1 Feb 2015, 19:51:45

. di  "Job  Started  at  $S_TIME  on $S_DATE"
Job  Started  at  19:51:45  on  1 Feb 2015

. cmdlog using logs/$project$datestamp.cmd.txt, append 
(cmdlog D:\Data\data_FADNPanelAnalysis\Do_Files\multisward\logs/multisward2015_02_01.cmd.txt opened)

. 
. * dpallocgo will be neg if beefandveal < 0 and large. Causes missing 
. *  value in lnspecial. There's < 10 of these in each country, and they
. *  represent about 1700 farm-years over the entire sample of over 
. *  1.25 million farm-years
. drop if dpallocgo < 0
(16 observations deleted)

. 
. preserve

. 
. 
. drop country

. gen int country = countrycode2

. keep pid year country `dep_vlist' `indep_vlist' `z_vlist' TREND

. 
. outsheet _all using `fadnoutdatadir'/exported_data.csv, comma replace nolabel

. save `fadnoutdatadir'/exported_data.dta, replace nolabel
file D:\\Data/data_FADNPanelAnalysis/OutData/multisward/exported_data.dta saved

. 
. restore

. 
. 
. 
. * ===================
. * MODEL COMMANDS HERE
. * ===================
. if "`cost'"=="cost"{
.         local   tech_or_cost    "cost"
. }

. else{
.         local   tech_or_cost    "tech"
. }

. 
. 
. qui xtreg `dep_vlist' `indep_vlist' TREND if country == "DEU",  re

. matrix define SV = e(b)

. sfpanel `dep_vlist' `indep_vlist' TREND if country == "DEU",  `cost' model(bc95) d(tnormal) posthessian robust emean(`z_vlist') vsigma(TREND) iterate(1000) svfrontier(SV) nolog


numerical derivatives are approximate
nearby values are missing
numerical derivatives are approximate
nearby values are missing
numerical derivatives are approximate
nearby values are missing
numerical derivatives are approximate
nearby values are missing
numerical derivatives are approximate
nearby values are missing
numerical derivatives are approximate
nearby values are missing
numerical derivatives are approximate
nearby values are missing
numerical derivatives are approximate
nearby values are missing
numerical derivatives are approximate
nearby values are missing
numerical derivatives are approximate
nearby values are missing
numerical derivatives are approximate
nearby values are missing
numerical derivatives are approximate
nearby values are missing
numerical derivatives are approximate
nearby values are missing
numerical derivatives are approximate
nearby values are missing
numerical derivatives are approximate
nearby values are missing
numerical derivatives are approximate
nearby values are missing
numerical derivatives are approximate
nearby values are missing
numerical derivatives are approximate
nearby values are missing
numerical derivatives are approximate
nearby values are missing
numerical derivatives are approximate
nearby values are missing
numerical derivatives are approximate
nearby values are missing
numerical derivatives are approximate
nearby values are missing
numerical derivatives are approximate
nearby values are missing
numerical derivatives are approximate
nearby values are missing
numerical derivatives are approximate
nearby values are missing
numerical derivatives are approximate
nearby values are missing
numerical derivatives are approximate
nearby values are missing
numerical derivatives are approximate
nearby values are missing
numerical derivatives are approximate
nearby values are missing
could not calculate numerical derivatives -- discontinuous region with missing values encountered
could not calculate numerical derivatives -- discontinuous region with missing values encountered
estimates post: matrix has missing values
r(504);

end of do-file
There was a problem running multisward.
D:\Data

end of do-file


. do run_thesis

. quietly {
You started in this directory:
D:\Data\





Running multisward project...
_startdir:      D:\Data
_datasource:    D:\Data\data_FADNPanelAnalysis
_project:       multisward
_mainfile:      msward_WFSresults_cost_fixed
D:\Data\data_FADNPanelAnalysis
D:\Data\data_FADNPanelAnalysis\Do_Files\multisward

. quiet{
--------------------------------------------------------------------------------------------------------------------------------------------------------------------------------------------
      name:  <unnamed>
       log:  D:\Data\data_FADNPanelAnalysis\Do_Files\multisward\logs/multisward2015_02_01.txt
  log type:  text
 opened on:   1 Feb 2015, 19:55:15

. di  "Job  Started  at  $S_TIME  on $S_DATE"
Job  Started  at  19:55:15  on  1 Feb 2015

. cmdlog using logs/$project$datestamp.cmd.txt, append 
(cmdlog D:\Data\data_FADNPanelAnalysis\Do_Files\multisward\logs/multisward2015_02_01.cmd.txt opened)

. 
. * dpallocgo will be neg if beefandveal < 0 and large. Causes missing 
. *  value in lnspecial. There's < 10 of these in each country, and they
. *  represent about 1700 farm-years over the entire sample of over 
. *  1.25 million farm-years
. drop if dpallocgo < 0
(16 observations deleted)

. 
. preserve

. 
. 
. drop country

. gen int country = countrycode2

. keep pid year country `dep_vlist' `indep_vlist' `z_vlist' TREND

. 
. outsheet _all using `fadnoutdatadir'/exported_data.csv, comma replace nolabel

. save `fadnoutdatadir'/exported_data.dta, replace nolabel
file D:\\Data/data_FADNPanelAnalysis/OutData/multisward/exported_data.dta saved

. 
. restore

. 
. 
. 
. * ===================
. * MODEL COMMANDS HERE
. * ===================
. if "`cost'"=="cost"{
.         local   tech_or_cost    "cost"
. }

. else{
.         local   tech_or_cost    "tech"
. }

. 
. /*
> qui xtreg `dep_vlist' `indep_vlist' TREND if country == "DEU",  re
> matrix define SV = e(b)
> sfpanel `dep_vlist' `indep_vlist' TREND if country == "DEU",  `cost' model(bc95) d(tnormal) posthessian robust emean(`z_vlist') vsigma(TREND) iterate(1000) svfrontier(SV) nolog
> estimates store `model1name'_DEU_`tech_or_cost'
> estimates save `fadnoutdatadir'/`model1name'_DEU_`tech_or_cost'_$datestamp$timestamp.ster, replace
> di `e(converged)'
> */
. 
. qui xtreg `dep_vlist' `indep_vlist' TREND if country == "FRA",  fe

. matrix define SV = e(b)

. sfpanel `dep_vlist' `indep_vlist' TREND if country == "FRA",  `cost' model(bc95) d(tnormal) posthessian robust emean(`z_vlist') usigma(`z_vlist') vsigma(TREND) iterate(1000) svfrontier(S
> V) nolog



Inefficiency effects model (truncated-normal)        Number of obs =      4609
Group variable: pid                               Number of groups =      1935
Time variable: year                             Obs per group: min =         1
                                                               avg =       2.4
                                                               max =         8

                                                     Prob > chi2   =    0.0000
Log pseudolikelihood =  -347.9276                    Wald chi2(5)  =   4578.86

                                                    (Std. Err. adjusted for 1935 clusters in pid)
-------------------------------------------------------------------------------------------------
                                |               Robust
           lntotalspecificcosts |      Coef.   Std. Err.      z    P>|z|     [95% Conf. Interval]
--------------------------------+----------------------------------------------------------------
Frontier                        |
                lndairyproducts |   1.036638   .0159179    65.12   0.000     1.005439    1.067836
                 lnPTotalCattle |  -.1277287   .1046261    -1.22   0.222    -.3327922    .0773348
lnPCompoundfeedingstuffsforcatt |   1.170663   .1516302     7.72   0.000      .873473    1.467853
 lnPFERTILISERSANDSOILIMPROVERS |   .8258603   .1257912     6.57   0.000     .5793141    1.072407
                          TREND |  -.0538638   .0058543    -9.20   0.000     -.065338   -.0423895
                          _cons |  -70.38721   .6851206  -102.74   0.000    -71.73002    -69.0444
--------------------------------+----------------------------------------------------------------
Mu                              |
                   lngrassratio |   -.004218   .0039853    -1.06   0.290    -.0120289     .003593
                      lnspecial |  -.7972479   .0666621   -11.96   0.000    -.9279033   -.6665925
                          _cons |    60.4803          .        .       .            .           .
--------------------------------+----------------------------------------------------------------
Usigma                          |
                   lngrassratio |   .9608197          .        .       .            .           .
                      lnspecial |   191.4253   .0413806  4625.97   0.000     191.3442    191.5064
                          _cons |  -505.3821          .        .       .            .           .
--------------------------------+----------------------------------------------------------------
Vsigma                          |
                          TREND |   .3197622   .0170573    18.75   0.000     .2863305    .3531939
                          _cons |  -3.709485   .0862615   -43.00   0.000    -3.878554   -3.540415
--------------------------------+----------------------------------------------------------------
  E(sigma_u) |   9.44e+50                                -9.06e+50    2.79e+51
  E(sigma_v) |   .3823581                                 .3778091     .386907
------------------------------------------------------------------------------

. estimates store `model1name'_FRA_`tech_or_cost' 

. estimates save `fadnoutdatadir'/`model1name'_FRA_`tech_or_cost'_$datestamp$timestamp.ster, replace
(note: file D:\Data/data_FADNPanelAnalysis/OutData/multisward/bc95_FRA_cost_2015_02_010755pm.ster not found)
file D:\Data/data_FADNPanelAnalysis/OutData/multisward/bc95_FRA_cost_2015_02_010755pm.ster saved

. di `e(converged)'
1

. 
. 
. qui xtreg `dep_vlist' `indep_vlist' TREND if country == "IRE",  fe

. matrix define SV = e(b)

. sfpanel `dep_vlist' `indep_vlist' TREND if country == "IRE",  `cost' model(bc95) d(tnormal) posthessian robust emean(`z_vlist') usigma(`z_vlist') iterate(1000) svfrontier(SV) nolog


numerical derivatives are approximate
nearby values are missing
numerical derivatives are approximate
nearby values are missing
numerical derivatives are approximate
nearby values are missing
numerical derivatives are approximate
flat or discontinuous region encountered
numerical derivatives are approximate
flat or discontinuous region encountered

Inefficiency effects model (truncated-normal)        Number of obs =      3639
Group variable: pid                               Number of groups =       735
Time variable: year                             Obs per group: min =         1
                                                               avg =       5.0
                                                               max =         9

                                                     Prob > chi2   =    0.0000
Log pseudolikelihood =   137.2419                    Wald chi2(5)  =   5935.84

                                                     (Std. Err. adjusted for 735 clusters in pid)
-------------------------------------------------------------------------------------------------
                                |               Robust
           lntotalspecificcosts |      Coef.   Std. Err.      z    P>|z|     [95% Conf. Interval]
--------------------------------+----------------------------------------------------------------
Frontier                        |
                lndairyproducts |   .9735584   .0135017    72.11   0.000     .9470956    1.000021
                 lnPTotalCattle |    .313745    .073284     4.28   0.000     .1701109    .4573791
lnPCompoundfeedingstuffsforcatt |   .9092504    .092169     9.87   0.000     .7286024    1.089898
 lnPFERTILISERSANDSOILIMPROVERS |   .4035705    .084841     4.76   0.000     .2372852    .5698558
                          TREND |  -.0444544   .0052685    -8.44   0.000    -.0547804   -.0341283
                          _cons |  -13.40794   .5231296   -25.63   0.000    -14.43325   -12.38262
--------------------------------+----------------------------------------------------------------
Mu                              |
                   lngrassratio |  -.0177803   .0064044    -2.78   0.005    -.0303327   -.0052279
                      lnspecial |   -.884376   .0818295   -10.81   0.000    -1.044759    -.723993
                          _cons |   7.585813          .        .       .            .           .
--------------------------------+----------------------------------------------------------------
Usigma                          |
                   lngrassratio |   4.793232   1.333548     3.59   0.000     2.179526    7.406937
                      lnspecial |  -12.68871          .        .       .            .           .
                          _cons |  -6.156867          .        .       .            .           .
--------------------------------+----------------------------------------------------------------
Vsigma                          |
                          _cons |  -2.913297   .0506192   -57.55   0.000    -3.012509   -2.814085
--------------------------------+----------------------------------------------------------------
  E(sigma_u) |   4.18e-06                                 2.79e-06    5.57e-06
     sigma_v |   .2330159   .0058975    39.51   0.000      .221739    .2448664
------------------------------------------------------------------------------

. estimates store `model1name'_IRE_`tech_or_cost'

. estimates save `fadnoutdatadir'/`model1name'_IRE_`tech_or_cost'_$datestamp$timestamp.ster, replace
(note: file D:\Data/data_FADNPanelAnalysis/OutData/multisward/bc95_IRE_cost_2015_02_010755pm.ster not found)
file D:\Data/data_FADNPanelAnalysis/OutData/multisward/bc95_IRE_cost_2015_02_010755pm.ster saved

. di `e(converged)'
1

. 
. 
. qui xtreg `dep_vlist' `indep_vlist' TREND if country == "UKI",  fe

. matrix define SV = e(b)

. sfpanel `dep_vlist' `indep_vlist' TREND if country == "UKI",  `cost' model(bc95) d(tnormal) posthessian robust emean(`z_vlist') usigma(`z_vlist') iterate(1000) svfrontier(SV) nolog


numerical derivatives are approximate
nearby values are missing
numerical derivatives are approximate
nearby values are missing
numerical derivatives are approximate
nearby values are missing
numerical derivatives are approximate
nearby values are missing
numerical derivatives are approximate
nearby values are missing
numerical derivatives are approximate
nearby values are missing

Inefficiency effects model (truncated-normal)        Number of obs =      5595
Group variable: pid                               Number of groups =      1877
Time variable: year                             Obs per group: min =         1
                                                               avg =       3.0
                                                               max =         9

                                                     Prob > chi2   =    0.0000
Log pseudolikelihood =  -307.2718                    Wald chi2(5)  =  11021.82

                                                    (Std. Err. adjusted for 1877 clusters in pid)
-------------------------------------------------------------------------------------------------
                                |               Robust
           lntotalspecificcosts |      Coef.   Std. Err.      z    P>|z|     [95% Conf. Interval]
--------------------------------+----------------------------------------------------------------
Frontier                        |
                lndairyproducts |   .9818454    .010178    96.47   0.000     .9618969    1.001794
                 lnPTotalCattle |   .3427352   .0754286     4.54   0.000     .1948979    .4905726
lnPCompoundfeedingstuffsforcatt |   1.008002   .1068915     9.43   0.000     .7984987    1.217506
 lnPFERTILISERSANDSOILIMPROVERS |    .558533   .0903196     6.18   0.000     .3815098    .7355562
                          TREND |  -.0487459   .0061799    -7.89   0.000    -.0608583   -.0366336
                          _cons |  -14.55899          .        .       .            .           .
--------------------------------+----------------------------------------------------------------
Mu                              |
                   lngrassratio |   .0123602   .0028007     4.41   0.000      .006871    .0178495
                      lnspecial |  -.8842923   .0591677   -14.95   0.000    -1.000259   -.7683257
                          _cons |    7.63149   .4386679    17.40   0.000     6.771717    8.491264
--------------------------------+----------------------------------------------------------------
Usigma                          |
                   lngrassratio |   17.48526   2.245361     7.79   0.000     13.08443    21.88608
                      lnspecial |  -3.150386          .        .       .            .           .
                          _cons |  -45.69429          .        .       .            .           .
--------------------------------+----------------------------------------------------------------
Vsigma                          |
                          _cons |  -2.728037   .0495259   -55.08   0.000    -2.825106   -2.630968
--------------------------------+----------------------------------------------------------------
  E(sigma_u) |   2.00e-06                                 1.17e-06    2.83e-06
     sigma_v |   .2556314   .0063302    40.38   0.000     .2435208    .2683444
------------------------------------------------------------------------------

. estimates store `model1name'_UKI_`tech_or_cost'

. estimates save `fadnoutdatadir'/`model1name'_UKI_`tech_or_cost'_$datestamp$timestamp.ster, replace
(note: file D:\Data/data_FADNPanelAnalysis/OutData/multisward/bc95_UKI_cost_2015_02_010755pm.ster not found)
file D:\Data/data_FADNPanelAnalysis/OutData/multisward/bc95_UKI_cost_2015_02_010755pm.ster saved

. di `e(converged)'
1

. 
. qui xtreg `dep_vlist' `indep_vlist' TREND if atl_plains == 1, re

. matrix define SV = e(b)

. sfpanel `dep_vlist' `indep_vlist' TREND if atl_plains == 1, `cost'  model(bc95) d(tnormal) posthessian robust emean(`z_vlist') usigma(`z_vlist') vsigma(TREND) iterate(1000) svfrontier(SV
> ) nolog


numerical derivatives are approximate
nearby values are missing
numerical derivatives are approximate
nearby values are missing
numerical derivatives are approximate
nearby values are missing
numerical derivatives are approximate
nearby values are missing
numerical derivatives are approximate
nearby values are missing
numerical derivatives are approximate
nearby values are missing
numerical derivatives are approximate
nearby values are missing
numerical derivatives are approximate
nearby values are missing
numerical derivatives are approximate
nearby values are missing
numerical derivatives are approximate
nearby values are missing
numerical derivatives are approximate
nearby values are missing
numerical derivatives are approximate
nearby values are missing
numerical derivatives are approximate
nearby values are missing
numerical derivatives are approximate
nearby values are missing
numerical derivatives are approximate
nearby values are missing
numerical derivatives are approximate
nearby values are missing
numerical derivatives are approximate
nearby values are missing
could not calculate numerical derivatives -- discontinuous region with missing values encountered
could not calculate numerical derivatives -- discontinuous region with missing values encountered
estimates post: matrix has missing values
r(504);

end of do-file
There was a problem running multisward.
D:\Data

end of do-file


. do run_thesis

. quietly {
You started in this directory:
D:\Data\





Running multisward project...
_startdir:      D:\Data
_datasource:    D:\Data\data_FADNPanelAnalysis
_project:       multisward
_mainfile:      msward_WFSresults_cost_fixed
D:\Data\data_FADNPanelAnalysis
D:\Data\data_FADNPanelAnalysis\Do_Files\multisward

. quiet{
--------------------------------------------------------------------------------------------------------------------------------------------------------------------------------------------
      name:  <unnamed>
       log:  D:\Data\data_FADNPanelAnalysis\Do_Files\multisward\logs/multisward2015_02_01.txt
  log type:  text
 opened on:   1 Feb 2015, 19:56:41

. di  "Job  Started  at  $S_TIME  on $S_DATE"
Job  Started  at  19:56:41  on  1 Feb 2015

. cmdlog using logs/$project$datestamp.cmd.txt, append 
(cmdlog D:\Data\data_FADNPanelAnalysis\Do_Files\multisward\logs/multisward2015_02_01.cmd.txt opened)

. 
. * dpallocgo will be neg if beefandveal < 0 and large. Causes missing 
. *  value in lnspecial. There's < 10 of these in each country, and they
. *  represent about 1700 farm-years over the entire sample of over 
. *  1.25 million farm-years
. drop if dpallocgo < 0
(16 observations deleted)

. 
. preserve

. 
. 
. drop country

. gen int country = countrycode2

. keep pid year country `dep_vlist' `indep_vlist' `z_vlist' TREND

. 
. outsheet _all using `fadnoutdatadir'/exported_data.csv, comma replace nolabel

. save `fadnoutdatadir'/exported_data.dta, replace nolabel
file D:\\Data/data_FADNPanelAnalysis/OutData/multisward/exported_data.dta saved

. 
. restore

. 
. 
. 
. * ===================
. * MODEL COMMANDS HERE
. * ===================
. if "`cost'"=="cost"{
.         local   tech_or_cost    "cost"
. }

. else{
.         local   tech_or_cost    "tech"
. }

. 
. 
. reg `dep_vlist' `indep_vlist' TREND if country == "DEU"

      Source |       SS       df       MS              Number of obs =   14904
-------------+------------------------------           F(  5, 14898) =14142.57
       Model |  7966.59941     5  1593.31988           Prob > F      =  0.0000
    Residual |  1678.42784 14898  .112661286           R-squared     =  0.8260
-------------+------------------------------           Adj R-squared =  0.8259
       Total |  9645.02725 14903  .647186959           Root MSE      =  .33565

-------------------------------------------------------------------------------------------------
           lntotalspecificcosts |      Coef.   Std. Err.      t    P>|t|     [95% Conf. Interval]
--------------------------------+----------------------------------------------------------------
                lndairyproducts |   .9906154   .0038149   259.67   0.000     .9831377    .9980931
                 lnPTotalCattle |   .1993379   .0686481     2.90   0.004     .0647792    .3338965
lnPCompoundfeedingstuffsforcatt |   .5908575   .0481439    12.27   0.000     .4964894    .6852255
 lnPFERTILISERSANDSOILIMPROVERS |   .1590742   .0685909     2.32   0.020     .0246275    .2935209
                          TREND |   .0061548   .0034493     1.78   0.074    -.0006062    .0129158
                          _cons |  -5.423341   .2786879   -19.46   0.000    -5.969603   -4.877078
-------------------------------------------------------------------------------------------------

. matrix define SV = e(b)

. sfpanel `dep_vlist' `indep_vlist' TREND if country == "DEU",  `cost' model(bc95) d(tnormal) posthessian robust emean(`z_vlist') vsigma(TREND) iterate(1000) svfrontier(SV) nolog


numerical derivatives are approximate
nearby values are missing
numerical derivatives are approximate
nearby values are missing
numerical derivatives are approximate
nearby values are missing
numerical derivatives are approximate
nearby values are missing
numerical derivatives are approximate
nearby values are missing
numerical derivatives are approximate
nearby values are missing
numerical derivatives are approximate
nearby values are missing
numerical derivatives are approximate
nearby values are missing
numerical derivatives are approximate
nearby values are missing
numerical derivatives are approximate
nearby values are missing
numerical derivatives are approximate
nearby values are missing
numerical derivatives are approximate
nearby values are missing

Inefficiency effects model (truncated-normal)        Number of obs =     14887
Group variable: pid                               Number of groups =      3157
Time variable: year                             Obs per group: min =         1
                                                               avg =       4.7
                                                               max =         9

                                                     Prob > chi2   =    0.0000
Log pseudolikelihood =  2862.0703                    Wald chi2(5)  =   9430.10

                                                    (Std. Err. adjusted for 3157 clusters in pid)
-------------------------------------------------------------------------------------------------
                                |               Robust
           lntotalspecificcosts |      Coef.   Std. Err.      z    P>|z|     [95% Conf. Interval]
--------------------------------+----------------------------------------------------------------
Frontier                        |
                lndairyproducts |   1.051241    .011442    91.88   0.000     1.028815    1.073667
                 lnPTotalCattle |   .1795265   .0524487     3.42   0.001     .0767289    .2823241
lnPCompoundfeedingstuffsforcatt |   .3564024   .0554083     6.43   0.000     .2478041    .4650007
 lnPFERTILISERSANDSOILIMPROVERS |   .1337889   .0558927     2.39   0.017     .0242413    .2433366
                          TREND |   .0049827   .0030432     1.64   0.102    -.0009819    .0109473
                          _cons |  -5.238177   .3627577   -14.44   0.000    -5.949169   -4.527185
--------------------------------+----------------------------------------------------------------
Mu                              |
                   lngrassratio |   .0285641   .0031778     8.99   0.000     .0223357    .0347925
                      lnspecial |  -.7160317   .0918178    -7.80   0.000    -.8959911   -.5360722
                          _cons |   1.798388   .1774975    10.13   0.000     1.450499    2.146277
--------------------------------+----------------------------------------------------------------
Usigma                          |
                          _cons |  -7.608821   .1659665   -45.85   0.000    -7.934109   -7.283532
--------------------------------+----------------------------------------------------------------
Vsigma                          |
                          TREND |   .7467652   .0217766    34.29   0.000     .7040838    .7894465
                          _cons |  -4.735978   .0685741   -69.06   0.000    -4.870381   -4.601575
--------------------------------+----------------------------------------------------------------
  E(sigma_v) |   .8990344                                 .8861509     .911918
     sigma_u |   .0222723   .0018482    12.05   0.000     .0189291     .026206
------------------------------------------------------------------------------

. estimates store `model1name'_DEU_`tech_or_cost'

. estimates save `fadnoutdatadir'/`model1name'_DEU_`tech_or_cost'_$datestamp$timestamp.ster, replace
(note: file D:\Data/data_FADNPanelAnalysis/OutData/multisward/bc95_DEU_cost_2015_02_010756pm.ster not found)
file D:\Data/data_FADNPanelAnalysis/OutData/multisward/bc95_DEU_cost_2015_02_010756pm.ster saved

. di `e(converged)'
1

. 
. 
. qui xtreg `dep_vlist' `indep_vlist' TREND if country == "FRA",  fe

. matrix define SV = e(b)

. sfpanel `dep_vlist' `indep_vlist' TREND if country == "FRA",  `cost' model(bc95) d(tnormal) posthessian robust emean(`z_vlist') usigma(`z_vlist') vsigma(TREND) iterate(1000) svfrontier(S
> V) nolog



Inefficiency effects model (truncated-normal)        Number of obs =      4609
Group variable: pid                               Number of groups =      1935
Time variable: year                             Obs per group: min =         1
                                                               avg =       2.4
                                                               max =         8

                                                     Prob > chi2   =    0.0000
Log pseudolikelihood =  -347.9276                    Wald chi2(5)  =   4578.86

                                                    (Std. Err. adjusted for 1935 clusters in pid)
-------------------------------------------------------------------------------------------------
                                |               Robust
           lntotalspecificcosts |      Coef.   Std. Err.      z    P>|z|     [95% Conf. Interval]
--------------------------------+----------------------------------------------------------------
Frontier                        |
                lndairyproducts |   1.036638   .0159179    65.12   0.000     1.005439    1.067836
                 lnPTotalCattle |  -.1277287   .1046261    -1.22   0.222    -.3327922    .0773348
lnPCompoundfeedingstuffsforcatt |   1.170663   .1516302     7.72   0.000      .873473    1.467853
 lnPFERTILISERSANDSOILIMPROVERS |   .8258603   .1257912     6.57   0.000     .5793141    1.072407
                          TREND |  -.0538638   .0058543    -9.20   0.000     -.065338   -.0423895
                          _cons |  -70.38721   .6851205  -102.74   0.000    -71.73002    -69.0444
--------------------------------+----------------------------------------------------------------
Mu                              |
                   lngrassratio |   -.004218   .0039853    -1.06   0.290    -.0120289     .003593
                      lnspecial |  -.7972479   .0666621   -11.96   0.000    -.9279033   -.6665925
                          _cons |    60.4803          .        .       .            .           .
--------------------------------+----------------------------------------------------------------
Usigma                          |
                   lngrassratio |   .9608197          .        .       .            .           .
                      lnspecial |   191.4253   .0413806  4625.97   0.000     191.3442    191.5064
                          _cons |  -505.3821          .        .       .            .           .
--------------------------------+----------------------------------------------------------------
Vsigma                          |
                          TREND |   .3197622   .0170573    18.75   0.000     .2863305    .3531939
                          _cons |  -3.709485   .0862615   -43.00   0.000    -3.878554   -3.540415
--------------------------------+----------------------------------------------------------------
  E(sigma_u) |   9.44e+50                                -9.06e+50    2.79e+51
  E(sigma_v) |   .3823581                                 .3778091     .386907
------------------------------------------------------------------------------

. estimates store `model1name'_FRA_`tech_or_cost' 

. estimates save `fadnoutdatadir'/`model1name'_FRA_`tech_or_cost'_$datestamp$timestamp.ster, replace
(note: file D:\Data/data_FADNPanelAnalysis/OutData/multisward/bc95_FRA_cost_2015_02_010756pm.ster not found)
file D:\Data/data_FADNPanelAnalysis/OutData/multisward/bc95_FRA_cost_2015_02_010756pm.ster saved

. di `e(converged)'
1

. 
. 
. qui xtreg `dep_vlist' `indep_vlist' TREND if country == "IRE",  fe

. matrix define SV = e(b)

. sfpanel `dep_vlist' `indep_vlist' TREND if country == "IRE",  `cost' model(bc95) d(tnormal) posthessian robust emean(`z_vlist') usigma(`z_vlist') iterate(1000) svfrontier(SV) nolog


numerical derivatives are approximate
nearby values are missing
numerical derivatives are approximate
nearby values are missing
numerical derivatives are approximate
nearby values are missing
numerical derivatives are approximate
flat or discontinuous region encountered
numerical derivatives are approximate
flat or discontinuous region encountered

Inefficiency effects model (truncated-normal)        Number of obs =      3639
Group variable: pid                               Number of groups =       735
Time variable: year                             Obs per group: min =         1
                                                               avg =       5.0
                                                               max =         9

                                                     Prob > chi2   =    0.0000
Log pseudolikelihood =   137.2419                    Wald chi2(5)  =   5935.84

                                                     (Std. Err. adjusted for 735 clusters in pid)
-------------------------------------------------------------------------------------------------
                                |               Robust
           lntotalspecificcosts |      Coef.   Std. Err.      z    P>|z|     [95% Conf. Interval]
--------------------------------+----------------------------------------------------------------
Frontier                        |
                lndairyproducts |   .9735584   .0135017    72.11   0.000     .9470956    1.000021
                 lnPTotalCattle |    .313745    .073284     4.28   0.000     .1701109    .4573791
lnPCompoundfeedingstuffsforcatt |   .9092504    .092169     9.87   0.000     .7286024    1.089898
 lnPFERTILISERSANDSOILIMPROVERS |   .4035705    .084841     4.76   0.000     .2372852    .5698558
                          TREND |  -.0444544   .0052685    -8.44   0.000    -.0547804   -.0341283
                          _cons |  -13.40794   .5231296   -25.63   0.000    -14.43325   -12.38262
--------------------------------+----------------------------------------------------------------
Mu                              |
                   lngrassratio |  -.0177803   .0064044    -2.78   0.005    -.0303327   -.0052279
                      lnspecial |   -.884376   .0818295   -10.81   0.000    -1.044759    -.723993
                          _cons |   7.585813          .        .       .            .           .
--------------------------------+----------------------------------------------------------------
Usigma                          |
                   lngrassratio |   4.793232   1.333548     3.59   0.000     2.179526    7.406937
                      lnspecial |  -12.68871          .        .       .            .           .
                          _cons |  -6.156867          .        .       .            .           .
--------------------------------+----------------------------------------------------------------
Vsigma                          |
                          _cons |  -2.913297   .0506192   -57.55   0.000    -3.012509   -2.814085
--------------------------------+----------------------------------------------------------------
  E(sigma_u) |   4.18e-06                                 2.79e-06    5.57e-06
     sigma_v |   .2330159   .0058975    39.51   0.000      .221739    .2448664
------------------------------------------------------------------------------

. estimates store `model1name'_IRE_`tech_or_cost'

. estimates save `fadnoutdatadir'/`model1name'_IRE_`tech_or_cost'_$datestamp$timestamp.ster, replace
(note: file D:\Data/data_FADNPanelAnalysis/OutData/multisward/bc95_IRE_cost_2015_02_010756pm.ster not found)
file D:\Data/data_FADNPanelAnalysis/OutData/multisward/bc95_IRE_cost_2015_02_010756pm.ster saved

. di `e(converged)'
1

. 
. 
. qui xtreg `dep_vlist' `indep_vlist' TREND if country == "UKI",  fe

. matrix define SV = e(b)

. sfpanel `dep_vlist' `indep_vlist' TREND if country == "UKI",  `cost' model(bc95) d(tnormal) posthessian robust emean(`z_vlist') usigma(`z_vlist') iterate(1000) svfrontier(SV) nolog


numerical derivatives are approximate
nearby values are missing
numerical derivatives are approximate
nearby values are missing
numerical derivatives are approximate
nearby values are missing
numerical derivatives are approximate
nearby values are missing
numerical derivatives are approximate
nearby values are missing
numerical derivatives are approximate
nearby values are missing

Inefficiency effects model (truncated-normal)        Number of obs =      5595
Group variable: pid                               Number of groups =      1877
Time variable: year                             Obs per group: min =         1
                                                               avg =       3.0
                                                               max =         9

                                                     Prob > chi2   =    0.0000
Log pseudolikelihood =  -307.2718                    Wald chi2(5)  =  11021.82

                                                    (Std. Err. adjusted for 1877 clusters in pid)
-------------------------------------------------------------------------------------------------
                                |               Robust
           lntotalspecificcosts |      Coef.   Std. Err.      z    P>|z|     [95% Conf. Interval]
--------------------------------+----------------------------------------------------------------
Frontier                        |
                lndairyproducts |   .9818454    .010178    96.47   0.000     .9618969    1.001794
                 lnPTotalCattle |   .3427352   .0754286     4.54   0.000     .1948979    .4905726
lnPCompoundfeedingstuffsforcatt |   1.008002   .1068915     9.43   0.000     .7984987    1.217506
 lnPFERTILISERSANDSOILIMPROVERS |    .558533   .0903196     6.18   0.000     .3815098    .7355562
                          TREND |  -.0487459   .0061799    -7.89   0.000    -.0608583   -.0366336
                          _cons |  -14.55899          .        .       .            .           .
--------------------------------+----------------------------------------------------------------
Mu                              |
                   lngrassratio |   .0123602   .0028007     4.41   0.000      .006871    .0178495
                      lnspecial |  -.8842923   .0591677   -14.95   0.000    -1.000259   -.7683257
                          _cons |    7.63149   .4386679    17.40   0.000     6.771717    8.491264
--------------------------------+----------------------------------------------------------------
Usigma                          |
                   lngrassratio |   17.48526   2.245361     7.79   0.000     13.08443    21.88608
                      lnspecial |  -3.150386          .        .       .            .           .
                          _cons |  -45.69429          .        .       .            .           .
--------------------------------+----------------------------------------------------------------
Vsigma                          |
                          _cons |  -2.728037   .0495259   -55.08   0.000    -2.825106   -2.630968
--------------------------------+----------------------------------------------------------------
  E(sigma_u) |   2.00e-06                                 1.17e-06    2.83e-06
     sigma_v |   .2556314   .0063302    40.38   0.000     .2435208    .2683444
------------------------------------------------------------------------------

. estimates store `model1name'_UKI_`tech_or_cost'

. estimates save `fadnoutdatadir'/`model1name'_UKI_`tech_or_cost'_$datestamp$timestamp.ster, replace
(note: file D:\Data/data_FADNPanelAnalysis/OutData/multisward/bc95_UKI_cost_2015_02_010756pm.ster not found)
file D:\Data/data_FADNPanelAnalysis/OutData/multisward/bc95_UKI_cost_2015_02_010756pm.ster saved

. di `e(converged)'
1

. 
. qui xtreg `dep_vlist' `indep_vlist' TREND if atl_plains == 1, re

. matrix define SV = e(b)

. sfpanel `dep_vlist' `indep_vlist' TREND if atl_plains == 1, `cost'  model(bc95) d(tnormal) posthessian robust emean(`z_vlist') usigma(`z_vlist') vsigma(TREND) iterate(1000) svfrontier(SV
> ) nolog


numerical derivatives are approximate
nearby values are missing
numerical derivatives are approximate
nearby values are missing
could not calculate numerical derivatives -- discontinuous region with missing values encountered
could not calculate numerical derivatives -- discontinuous region with missing values encountered
estimates post: matrix has missing values
r(504);

end of do-file
There was a problem running multisward.
D:\Data

end of do-file


. do run_thesis

. quietly {
You started in this directory:
D:\Data\





Running multisward project...
_startdir:      D:\Data
_datasource:    D:\Data\data_FADNPanelAnalysis
_project:       multisward
_mainfile:      msward_WFSresults_cost_fixed
D:\Data\data_FADNPanelAnalysis
D:\Data\data_FADNPanelAnalysis\Do_Files\multisward

. quiet{
--------------------------------------------------------------------------------------------------------------------------------------------------------------------------------------------
      name:  <unnamed>
       log:  D:\Data\data_FADNPanelAnalysis\Do_Files\multisward\logs/multisward2015_02_01.txt
  log type:  text
 opened on:   1 Feb 2015, 19:58:18

. di  "Job  Started  at  $S_TIME  on $S_DATE"
Job  Started  at  19:58:18  on  1 Feb 2015

. cmdlog using logs/$project$datestamp.cmd.txt, append 
(cmdlog D:\Data\data_FADNPanelAnalysis\Do_Files\multisward\logs/multisward2015_02_01.cmd.txt opened)

. 
. * dpallocgo will be neg if beefandveal < 0 and large. Causes missing 
. *  value in lnspecial. There's < 10 of these in each country, and they
. *  represent about 1700 farm-years over the entire sample of over 
. *  1.25 million farm-years
. drop if dpallocgo < 0
(16 observations deleted)

. 
. preserve

. 
. 
. drop country

. gen int country = countrycode2

. keep pid year country `dep_vlist' `indep_vlist' `z_vlist' TREND

. 
. outsheet _all using `fadnoutdatadir'/exported_data.csv, comma replace nolabel

. save `fadnoutdatadir'/exported_data.dta, replace nolabel
file D:\\Data/data_FADNPanelAnalysis/OutData/multisward/exported_data.dta saved

. 
. restore

. 
. 
. 
. * ===================
. * MODEL COMMANDS HERE
. * ===================
. if "`cost'"=="cost"{
.         local   tech_or_cost    "cost"
. }

. else{
.         local   tech_or_cost    "tech"
. }

. 
. 
. reg `dep_vlist' `indep_vlist' TREND if country == "DEU"

      Source |       SS       df       MS              Number of obs =   14904
-------------+------------------------------           F(  5, 14898) =14142.57
       Model |  7966.59941     5  1593.31988           Prob > F      =  0.0000
    Residual |  1678.42784 14898  .112661286           R-squared     =  0.8260
-------------+------------------------------           Adj R-squared =  0.8259
       Total |  9645.02725 14903  .647186959           Root MSE      =  .33565

-------------------------------------------------------------------------------------------------
           lntotalspecificcosts |      Coef.   Std. Err.      t    P>|t|     [95% Conf. Interval]
--------------------------------+----------------------------------------------------------------
                lndairyproducts |   .9906154   .0038149   259.67   0.000     .9831377    .9980931
                 lnPTotalCattle |   .1993379   .0686481     2.90   0.004     .0647792    .3338965
lnPCompoundfeedingstuffsforcatt |   .5908575   .0481439    12.27   0.000     .4964894    .6852255
 lnPFERTILISERSANDSOILIMPROVERS |   .1590742   .0685909     2.32   0.020     .0246275    .2935209
                          TREND |   .0061548   .0034493     1.78   0.074    -.0006062    .0129158
                          _cons |  -5.423341   .2786879   -19.46   0.000    -5.969603   -4.877078
-------------------------------------------------------------------------------------------------

. matrix define SV = e(b)

. sfpanel `dep_vlist' `indep_vlist' TREND if country == "DEU",  `cost' model(bc95) d(tnormal) posthessian robust emean(`z_vlist') vsigma(TREND) iterate(1000) svfrontier(SV) nolog


numerical derivatives are approximate
nearby values are missing
numerical derivatives are approximate
nearby values are missing
numerical derivatives are approximate
nearby values are missing
numerical derivatives are approximate
nearby values are missing
numerical derivatives are approximate
nearby values are missing
numerical derivatives are approximate
nearby values are missing
numerical derivatives are approximate
nearby values are missing
numerical derivatives are approximate
nearby values are missing
numerical derivatives are approximate
nearby values are missing
numerical derivatives are approximate
nearby values are missing
numerical derivatives are approximate
nearby values are missing
numerical derivatives are approximate
nearby values are missing

Inefficiency effects model (truncated-normal)        Number of obs =     14887
Group variable: pid                               Number of groups =      3157
Time variable: year                             Obs per group: min =         1
                                                               avg =       4.7
                                                               max =         9

                                                     Prob > chi2   =    0.0000
Log pseudolikelihood =  2862.0703                    Wald chi2(5)  =   9430.10

                                                    (Std. Err. adjusted for 3157 clusters in pid)
-------------------------------------------------------------------------------------------------
                                |               Robust
           lntotalspecificcosts |      Coef.   Std. Err.      z    P>|z|     [95% Conf. Interval]
--------------------------------+----------------------------------------------------------------
Frontier                        |
                lndairyproducts |   1.051241    .011442    91.88   0.000     1.028815    1.073667
                 lnPTotalCattle |   .1795265   .0524487     3.42   0.001     .0767289    .2823241
lnPCompoundfeedingstuffsforcatt |   .3564024   .0554083     6.43   0.000     .2478041    .4650007
 lnPFERTILISERSANDSOILIMPROVERS |   .1337889   .0558927     2.39   0.017     .0242413    .2433366
                          TREND |   .0049827   .0030432     1.64   0.102    -.0009819    .0109473
                          _cons |  -5.238177   .3627577   -14.44   0.000    -5.949169   -4.527185
--------------------------------+----------------------------------------------------------------
Mu                              |
                   lngrassratio |   .0285641   .0031778     8.99   0.000     .0223357    .0347925
                      lnspecial |  -.7160317   .0918178    -7.80   0.000    -.8959911   -.5360722
                          _cons |   1.798388   .1774975    10.13   0.000     1.450499    2.146277
--------------------------------+----------------------------------------------------------------
Usigma                          |
                          _cons |  -7.608821   .1659665   -45.85   0.000    -7.934109   -7.283532
--------------------------------+----------------------------------------------------------------
Vsigma                          |
                          TREND |   .7467652   .0217766    34.29   0.000     .7040838    .7894465
                          _cons |  -4.735978   .0685741   -69.06   0.000    -4.870381   -4.601575
--------------------------------+----------------------------------------------------------------
  E(sigma_v) |   .8990344                                 .8861509     .911918
     sigma_u |   .0222723   .0018482    12.05   0.000     .0189291     .026206
------------------------------------------------------------------------------

. estimates store `model1name'_DEU_`tech_or_cost'

. estimates save `fadnoutdatadir'/`model1name'_DEU_`tech_or_cost'_$datestamp$timestamp.ster, replace
(note: file D:\Data/data_FADNPanelAnalysis/OutData/multisward/bc95_DEU_cost_2015_02_010758pm.ster not found)
file D:\Data/data_FADNPanelAnalysis/OutData/multisward/bc95_DEU_cost_2015_02_010758pm.ster saved

. di `e(converged)'
1

. 
. 
. qui xtreg `dep_vlist' `indep_vlist' TREND if country == "FRA",  fe

. matrix define SV = e(b)

. sfpanel `dep_vlist' `indep_vlist' TREND if country == "FRA",  `cost' model(bc95) d(tnormal) posthessian robust emean(`z_vlist') usigma(`z_vlist') vsigma(TREND) iterate(1000) svfrontier(S
> V) nolog



Inefficiency effects model (truncated-normal)        Number of obs =      4609
Group variable: pid                               Number of groups =      1935
Time variable: year                             Obs per group: min =         1
                                                               avg =       2.4
                                                               max =         8

                                                     Prob > chi2   =    0.0000
Log pseudolikelihood =  -347.9276                    Wald chi2(5)  =   4578.86

                                                    (Std. Err. adjusted for 1935 clusters in pid)
-------------------------------------------------------------------------------------------------
                                |               Robust
           lntotalspecificcosts |      Coef.   Std. Err.      z    P>|z|     [95% Conf. Interval]
--------------------------------+----------------------------------------------------------------
Frontier                        |
                lndairyproducts |   1.036638   .0159179    65.12   0.000     1.005439    1.067836
                 lnPTotalCattle |  -.1277287   .1046261    -1.22   0.222    -.3327922    .0773348
lnPCompoundfeedingstuffsforcatt |   1.170663   .1516302     7.72   0.000      .873473    1.467853
 lnPFERTILISERSANDSOILIMPROVERS |   .8258603   .1257912     6.57   0.000     .5793141    1.072407
                          TREND |  -.0538638   .0058543    -9.20   0.000     -.065338   -.0423895
                          _cons |  -70.38721   .6851203  -102.74   0.000    -71.73002    -69.0444
--------------------------------+----------------------------------------------------------------
Mu                              |
                   lngrassratio |   -.004218   .0039853    -1.06   0.290    -.0120289     .003593
                      lnspecial |  -.7972479   .0666621   -11.96   0.000    -.9279033   -.6665925
                          _cons |    60.4803          .        .       .            .           .
--------------------------------+----------------------------------------------------------------
Usigma                          |
                   lngrassratio |   .9608197          .        .       .            .           .
                      lnspecial |   191.4253   .0413806  4625.97   0.000     191.3442    191.5064
                          _cons |  -505.3821          .        .       .            .           .
--------------------------------+----------------------------------------------------------------
Vsigma                          |
                          TREND |   .3197622   .0170573    18.75   0.000     .2863305    .3531939
                          _cons |  -3.709485   .0862615   -43.00   0.000    -3.878554   -3.540415
--------------------------------+----------------------------------------------------------------
  E(sigma_u) |   9.44e+50                                -9.06e+50    2.79e+51
  E(sigma_v) |   .3823581                                 .3778091     .386907
------------------------------------------------------------------------------

. estimates store `model1name'_FRA_`tech_or_cost' 

. estimates save `fadnoutdatadir'/`model1name'_FRA_`tech_or_cost'_$datestamp$timestamp.ster, replace
(note: file D:\Data/data_FADNPanelAnalysis/OutData/multisward/bc95_FRA_cost_2015_02_010758pm.ster not found)
file D:\Data/data_FADNPanelAnalysis/OutData/multisward/bc95_FRA_cost_2015_02_010758pm.ster saved

. di `e(converged)'
1

. 
. 
. qui xtreg `dep_vlist' `indep_vlist' TREND if country == "IRE",  fe

. matrix define SV = e(b)

. sfpanel `dep_vlist' `indep_vlist' TREND if country == "IRE",  `cost' model(bc95) d(tnormal) posthessian robust emean(`z_vlist') usigma(`z_vlist') iterate(1000) svfrontier(SV) nolog


numerical derivatives are approximate
nearby values are missing
numerical derivatives are approximate
nearby values are missing
numerical derivatives are approximate
nearby values are missing
numerical derivatives are approximate
flat or discontinuous region encountered
numerical derivatives are approximate
flat or discontinuous region encountered

Inefficiency effects model (truncated-normal)        Number of obs =      3639
Group variable: pid                               Number of groups =       735
Time variable: year                             Obs per group: min =         1
                                                               avg =       5.0
                                                               max =         9

                                                     Prob > chi2   =    0.0000
Log pseudolikelihood =   137.2419                    Wald chi2(5)  =   5935.84

                                                     (Std. Err. adjusted for 735 clusters in pid)
-------------------------------------------------------------------------------------------------
                                |               Robust
           lntotalspecificcosts |      Coef.   Std. Err.      z    P>|z|     [95% Conf. Interval]
--------------------------------+----------------------------------------------------------------
Frontier                        |
                lndairyproducts |   .9735584   .0135017    72.11   0.000     .9470956    1.000021
                 lnPTotalCattle |    .313745    .073284     4.28   0.000     .1701109    .4573791
lnPCompoundfeedingstuffsforcatt |   .9092504    .092169     9.87   0.000     .7286024    1.089898
 lnPFERTILISERSANDSOILIMPROVERS |   .4035705    .084841     4.76   0.000     .2372852    .5698558
                          TREND |  -.0444544   .0052685    -8.44   0.000    -.0547804   -.0341283
                          _cons |  -13.40794   .5231296   -25.63   0.000    -14.43325   -12.38262
--------------------------------+----------------------------------------------------------------
Mu                              |
                   lngrassratio |  -.0177803   .0064044    -2.78   0.005    -.0303327   -.0052279
                      lnspecial |   -.884376   .0818295   -10.81   0.000    -1.044759    -.723993
                          _cons |   7.585813          .        .       .            .           .
--------------------------------+----------------------------------------------------------------
Usigma                          |
                   lngrassratio |   4.793232   1.333548     3.59   0.000     2.179526    7.406937
                      lnspecial |  -12.68871          .        .       .            .           .
                          _cons |  -6.156867          .        .       .            .           .
--------------------------------+----------------------------------------------------------------
Vsigma                          |
                          _cons |  -2.913297   .0506192   -57.55   0.000    -3.012509   -2.814085
--------------------------------+----------------------------------------------------------------
  E(sigma_u) |   4.18e-06                                 2.79e-06    5.57e-06
     sigma_v |   .2330159   .0058975    39.51   0.000      .221739    .2448664
------------------------------------------------------------------------------

. estimates store `model1name'_IRE_`tech_or_cost'

. estimates save `fadnoutdatadir'/`model1name'_IRE_`tech_or_cost'_$datestamp$timestamp.ster, replace
(note: file D:\Data/data_FADNPanelAnalysis/OutData/multisward/bc95_IRE_cost_2015_02_010758pm.ster not found)
file D:\Data/data_FADNPanelAnalysis/OutData/multisward/bc95_IRE_cost_2015_02_010758pm.ster saved

. di `e(converged)'
1

. 
. 
. qui xtreg `dep_vlist' `indep_vlist' TREND if country == "UKI",  fe

. matrix define SV = e(b)

. sfpanel `dep_vlist' `indep_vlist' TREND if country == "UKI",  `cost' model(bc95) d(tnormal) posthessian robust emean(`z_vlist') usigma(`z_vlist') iterate(1000) svfrontier(SV) nolog


numerical derivatives are approximate
nearby values are missing
numerical derivatives are approximate
nearby values are missing
numerical derivatives are approximate
nearby values are missing
numerical derivatives are approximate
nearby values are missing
numerical derivatives are approximate
nearby values are missing
numerical derivatives are approximate
nearby values are missing

Inefficiency effects model (truncated-normal)        Number of obs =      5595
Group variable: pid                               Number of groups =      1877
Time variable: year                             Obs per group: min =         1
                                                               avg =       3.0
                                                               max =         9

                                                     Prob > chi2   =    0.0000
Log pseudolikelihood =  -307.2718                    Wald chi2(5)  =  11021.82

                                                    (Std. Err. adjusted for 1877 clusters in pid)
-------------------------------------------------------------------------------------------------
                                |               Robust
           lntotalspecificcosts |      Coef.   Std. Err.      z    P>|z|     [95% Conf. Interval]
--------------------------------+----------------------------------------------------------------
Frontier                        |
                lndairyproducts |   .9818454    .010178    96.47   0.000     .9618969    1.001794
                 lnPTotalCattle |   .3427352   .0754286     4.54   0.000     .1948979    .4905726
lnPCompoundfeedingstuffsforcatt |   1.008002   .1068915     9.43   0.000     .7984987    1.217506
 lnPFERTILISERSANDSOILIMPROVERS |    .558533   .0903196     6.18   0.000     .3815098    .7355562
                          TREND |  -.0487459   .0061799    -7.89   0.000    -.0608583   -.0366336
                          _cons |  -14.55899          .        .       .            .           .
--------------------------------+----------------------------------------------------------------
Mu                              |
                   lngrassratio |   .0123602   .0028007     4.41   0.000      .006871    .0178495
                      lnspecial |  -.8842923   .0591677   -14.95   0.000    -1.000259   -.7683257
                          _cons |    7.63149   .4386679    17.40   0.000     6.771717    8.491264
--------------------------------+----------------------------------------------------------------
Usigma                          |
                   lngrassratio |   17.48526   2.245361     7.79   0.000     13.08443    21.88608
                      lnspecial |  -3.150386          .        .       .            .           .
                          _cons |  -45.69429          .        .       .            .           .
--------------------------------+----------------------------------------------------------------
Vsigma                          |
                          _cons |  -2.728037   .0495259   -55.08   0.000    -2.825106   -2.630968
--------------------------------+----------------------------------------------------------------
  E(sigma_u) |   2.00e-06                                 1.17e-06    2.83e-06
     sigma_v |   .2556314   .0063302    40.38   0.000     .2435208    .2683444
------------------------------------------------------------------------------

. estimates store `model1name'_UKI_`tech_or_cost'

. estimates save `fadnoutdatadir'/`model1name'_UKI_`tech_or_cost'_$datestamp$timestamp.ster, replace
(note: file D:\Data/data_FADNPanelAnalysis/OutData/multisward/bc95_UKI_cost_2015_02_010758pm.ster not found)
file D:\Data/data_FADNPanelAnalysis/OutData/multisward/bc95_UKI_cost_2015_02_010758pm.ster saved

. di `e(converged)'
1

. 
. 
. qui reg `dep_vlist' `indep_vlist' TREND if atl_plains == 1

. matrix define SV = e(b)

. sfpanel `dep_vlist' `indep_vlist' TREND if atl_plains == 1, `cost'  model(bc95) d(tnormal) posthessian robust emean(`z_vlist') usigma(`z_vlist') vsigma(TREND) iterate(1000) svfrontier(SV
> ) nolog


numerical derivatives are approximate
nearby values are missing
numerical derivatives are approximate
nearby values are missing
numerical derivatives are approximate
nearby values are missing
numerical derivatives are approximate
nearby values are missing
numerical derivatives are approximate
nearby values are missing
numerical derivatives are approximate
nearby values are missing
numerical derivatives are approximate
nearby values are missing
numerical derivatives are approximate
nearby values are missing
numerical derivatives are approximate
nearby values are missing
numerical derivatives are approximate
nearby values are missing
could not calculate numerical derivatives -- discontinuous region with missing values encountered
numerical derivatives are approximate
nearby values are missing
could not calculate numerical derivatives -- discontinuous region with missing values encountered
estimates post: matrix has missing values
r(504);

end of do-file
There was a problem running multisward.
D:\Data

end of do-file


. do run_thesis

. quietly {
You started in this directory:
D:\Data\





Running multisward project...
_startdir:      D:\Data
_datasource:    D:\Data\data_FADNPanelAnalysis
_project:       multisward
_mainfile:      msward_WFSresults_cost_fixed
D:\Data\data_FADNPanelAnalysis
D:\Data\data_FADNPanelAnalysis\Do_Files\multisward

. quiet{
--------------------------------------------------------------------------------------------------------------------------------------------------------------------------------------------
      name:  <unnamed>
       log:  D:\Data\data_FADNPanelAnalysis\Do_Files\multisward\logs/multisward2015_02_01.txt
  log type:  text
 opened on:   1 Feb 2015, 19:59:48

. di  "Job  Started  at  $S_TIME  on $S_DATE"
Job  Started  at  19:59:48  on  1 Feb 2015

. cmdlog using logs/$project$datestamp.cmd.txt, append 
(cmdlog D:\Data\data_FADNPanelAnalysis\Do_Files\multisward\logs/multisward2015_02_01.cmd.txt opened)

. 
. * dpallocgo will be neg if beefandveal < 0 and large. Causes missing 
. *  value in lnspecial. There's < 10 of these in each country, and they
. *  represent about 1700 farm-years over the entire sample of over 
. *  1.25 million farm-years
. drop if dpallocgo < 0
(16 observations deleted)

. 
. preserve

. 
. 
. drop country

. gen int country = countrycode2

. keep pid year country `dep_vlist' `indep_vlist' `z_vlist' TREND

. 
. outsheet _all using `fadnoutdatadir'/exported_data.csv, comma replace nolabel

. save `fadnoutdatadir'/exported_data.dta, replace nolabel
file D:\\Data/data_FADNPanelAnalysis/OutData/multisward/exported_data.dta saved

. 
. restore

. 
. 
. 
. * ===================
. * MODEL COMMANDS HERE
. * ===================
. if "`cost'"=="cost"{
.         local   tech_or_cost    "cost"
. }

. else{
.         local   tech_or_cost    "tech"
. }

. 
. 
. qui reg `dep_vlist' `indep_vlist' TREND if country == "DEU"

. matrix define SV = e(b)

. sfpanel `dep_vlist' `indep_vlist' TREND if country == "DEU",  `cost' model(bc95) d(tnormal) posthessian robust emean(`z_vlist') vsigma(TREND) iterate(1000) svfrontier(SV) nolog


numerical derivatives are approximate
nearby values are missing
numerical derivatives are approximate
nearby values are missing
numerical derivatives are approximate
nearby values are missing
numerical derivatives are approximate
nearby values are missing
numerical derivatives are approximate
nearby values are missing
numerical derivatives are approximate
nearby values are missing
numerical derivatives are approximate
nearby values are missing
numerical derivatives are approximate
nearby values are missing
numerical derivatives are approximate
nearby values are missing
numerical derivatives are approximate
nearby values are missing
numerical derivatives are approximate
nearby values are missing
numerical derivatives are approximate
nearby values are missing

Inefficiency effects model (truncated-normal)        Number of obs =     14887
Group variable: pid                               Number of groups =      3157
Time variable: year                             Obs per group: min =         1
                                                               avg =       4.7
                                                               max =         9

                                                     Prob > chi2   =    0.0000
Log pseudolikelihood =  2862.0703                    Wald chi2(5)  =   9430.10

                                                    (Std. Err. adjusted for 3157 clusters in pid)
-------------------------------------------------------------------------------------------------
                                |               Robust
           lntotalspecificcosts |      Coef.   Std. Err.      z    P>|z|     [95% Conf. Interval]
--------------------------------+----------------------------------------------------------------
Frontier                        |
                lndairyproducts |   1.051241    .011442    91.88   0.000     1.028815    1.073667
                 lnPTotalCattle |   .1795265   .0524487     3.42   0.001     .0767289    .2823241
lnPCompoundfeedingstuffsforcatt |   .3564024   .0554083     6.43   0.000     .2478041    .4650007
 lnPFERTILISERSANDSOILIMPROVERS |   .1337889   .0558927     2.39   0.017     .0242413    .2433366
                          TREND |   .0049827   .0030432     1.64   0.102    -.0009819    .0109473
                          _cons |  -5.238177   .3627577   -14.44   0.000    -5.949169   -4.527185
--------------------------------+----------------------------------------------------------------
Mu                              |
                   lngrassratio |   .0285641   .0031778     8.99   0.000     .0223357    .0347925
                      lnspecial |  -.7160317   .0918178    -7.80   0.000    -.8959911   -.5360722
                          _cons |   1.798388   .1774975    10.13   0.000     1.450499    2.146277
--------------------------------+----------------------------------------------------------------
Usigma                          |
                          _cons |  -7.608821   .1659665   -45.85   0.000    -7.934109   -7.283532
--------------------------------+----------------------------------------------------------------
Vsigma                          |
                          TREND |   .7467652   .0217766    34.29   0.000     .7040838    .7894465
                          _cons |  -4.735978   .0685741   -69.06   0.000    -4.870381   -4.601575
--------------------------------+----------------------------------------------------------------
  E(sigma_v) |   .8990344                                 .8861509     .911918
     sigma_u |   .0222723   .0018482    12.05   0.000     .0189291     .026206
------------------------------------------------------------------------------

. estimates store `model1name'_DEU_`tech_or_cost'

. estimates save `fadnoutdatadir'/`model1name'_DEU_`tech_or_cost'_$datestamp$timestamp.ster, replace
(note: file D:\Data/data_FADNPanelAnalysis/OutData/multisward/bc95_DEU_cost_2015_02_010759pm.ster not found)
file D:\Data/data_FADNPanelAnalysis/OutData/multisward/bc95_DEU_cost_2015_02_010759pm.ster saved

. di `e(converged)'
1

. 
. 
. qui xtreg `dep_vlist' `indep_vlist' TREND if country == "FRA",  fe

. matrix define SV = e(b)

. sfpanel `dep_vlist' `indep_vlist' TREND if country == "FRA",  `cost' model(bc95) d(tnormal) posthessian robust emean(`z_vlist') usigma(`z_vlist') vsigma(TREND) iterate(1000) svfrontier(S
> V) nolog



Inefficiency effects model (truncated-normal)        Number of obs =      4609
Group variable: pid                               Number of groups =      1935
Time variable: year                             Obs per group: min =         1
                                                               avg =       2.4
                                                               max =         8

                                                     Prob > chi2   =    0.0000
Log pseudolikelihood =  -347.9276                    Wald chi2(5)  =   4578.86

                                                    (Std. Err. adjusted for 1935 clusters in pid)
-------------------------------------------------------------------------------------------------
                                |               Robust
           lntotalspecificcosts |      Coef.   Std. Err.      z    P>|z|     [95% Conf. Interval]
--------------------------------+----------------------------------------------------------------
Frontier                        |
                lndairyproducts |   1.036638   .0159179    65.12   0.000     1.005439    1.067836
                 lnPTotalCattle |  -.1277287   .1046261    -1.22   0.222    -.3327922    .0773348
lnPCompoundfeedingstuffsforcatt |   1.170663   .1516302     7.72   0.000      .873473    1.467853
 lnPFERTILISERSANDSOILIMPROVERS |   .8258603   .1257912     6.57   0.000     .5793141    1.072407
                          TREND |  -.0538638   .0058543    -9.20   0.000     -.065338   -.0423895
                          _cons |  -70.38721   .6851204  -102.74   0.000    -71.73002    -69.0444
--------------------------------+----------------------------------------------------------------
Mu                              |
                   lngrassratio |   -.004218   .0039853    -1.06   0.290    -.0120289     .003593
                      lnspecial |  -.7972479   .0666621   -11.96   0.000    -.9279033   -.6665925
                          _cons |    60.4803          .        .       .            .           .
--------------------------------+----------------------------------------------------------------
Usigma                          |
                   lngrassratio |   .9608197          .        .       .            .           .
                      lnspecial |   191.4253   .0413806  4625.97   0.000     191.3442    191.5064
                          _cons |  -505.3821          .        .       .            .           .
--------------------------------+----------------------------------------------------------------
Vsigma                          |
                          TREND |   .3197622   .0170573    18.75   0.000     .2863305    .3531939
                          _cons |  -3.709485   .0862615   -43.00   0.000    -3.878554   -3.540415
--------------------------------+----------------------------------------------------------------
  E(sigma_u) |   9.44e+50                                -9.06e+50    2.79e+51
  E(sigma_v) |   .3823581                                 .3778091     .386907
------------------------------------------------------------------------------

. estimates store `model1name'_FRA_`tech_or_cost' 

. estimates save `fadnoutdatadir'/`model1name'_FRA_`tech_or_cost'_$datestamp$timestamp.ster, replace
(note: file D:\Data/data_FADNPanelAnalysis/OutData/multisward/bc95_FRA_cost_2015_02_010759pm.ster not found)
file D:\Data/data_FADNPanelAnalysis/OutData/multisward/bc95_FRA_cost_2015_02_010759pm.ster saved

. di `e(converged)'
1

. 
. 
. qui xtreg `dep_vlist' `indep_vlist' TREND if country == "IRE",  fe

. matrix define SV = e(b)

. sfpanel `dep_vlist' `indep_vlist' TREND if country == "IRE",  `cost' model(bc95) d(tnormal) posthessian robust emean(`z_vlist') usigma(`z_vlist') iterate(1000) svfrontier(SV) nolog


numerical derivatives are approximate
nearby values are missing
numerical derivatives are approximate
nearby values are missing
numerical derivatives are approximate
nearby values are missing
numerical derivatives are approximate
flat or discontinuous region encountered
numerical derivatives are approximate
flat or discontinuous region encountered

Inefficiency effects model (truncated-normal)        Number of obs =      3639
Group variable: pid                               Number of groups =       735
Time variable: year                             Obs per group: min =         1
                                                               avg =       5.0
                                                               max =         9

                                                     Prob > chi2   =    0.0000
Log pseudolikelihood =   137.2419                    Wald chi2(5)  =   5935.84

                                                     (Std. Err. adjusted for 735 clusters in pid)
-------------------------------------------------------------------------------------------------
                                |               Robust
           lntotalspecificcosts |      Coef.   Std. Err.      z    P>|z|     [95% Conf. Interval]
--------------------------------+----------------------------------------------------------------
Frontier                        |
                lndairyproducts |   .9735584   .0135017    72.11   0.000     .9470956    1.000021
                 lnPTotalCattle |    .313745    .073284     4.28   0.000     .1701109    .4573791
lnPCompoundfeedingstuffsforcatt |   .9092504    .092169     9.87   0.000     .7286024    1.089898
 lnPFERTILISERSANDSOILIMPROVERS |   .4035705    .084841     4.76   0.000     .2372852    .5698558
                          TREND |  -.0444544   .0052685    -8.44   0.000    -.0547804   -.0341283
                          _cons |  -13.40794   .5231296   -25.63   0.000    -14.43325   -12.38262
--------------------------------+----------------------------------------------------------------
Mu                              |
                   lngrassratio |  -.0177803   .0064044    -2.78   0.005    -.0303327   -.0052279
                      lnspecial |   -.884376   .0818295   -10.81   0.000    -1.044759    -.723993
                          _cons |   7.585813          .        .       .            .           .
--------------------------------+----------------------------------------------------------------
Usigma                          |
                   lngrassratio |   4.793232   1.333548     3.59   0.000     2.179526    7.406937
                      lnspecial |  -12.68871          .        .       .            .           .
                          _cons |  -6.156867          .        .       .            .           .
--------------------------------+----------------------------------------------------------------
Vsigma                          |
                          _cons |  -2.913297   .0506192   -57.55   0.000    -3.012509   -2.814085
--------------------------------+----------------------------------------------------------------
  E(sigma_u) |   4.18e-06                                 2.79e-06    5.57e-06
     sigma_v |   .2330159   .0058975    39.51   0.000      .221739    .2448664
------------------------------------------------------------------------------

. estimates store `model1name'_IRE_`tech_or_cost'

. estimates save `fadnoutdatadir'/`model1name'_IRE_`tech_or_cost'_$datestamp$timestamp.ster, replace
(note: file D:\Data/data_FADNPanelAnalysis/OutData/multisward/bc95_IRE_cost_2015_02_010759pm.ster not found)
file D:\Data/data_FADNPanelAnalysis/OutData/multisward/bc95_IRE_cost_2015_02_010759pm.ster saved

. di `e(converged)'
1

. 
. 
. qui xtreg `dep_vlist' `indep_vlist' TREND if country == "UKI",  fe

. matrix define SV = e(b)

. sfpanel `dep_vlist' `indep_vlist' TREND if country == "UKI",  `cost' model(bc95) d(tnormal) posthessian robust emean(`z_vlist') usigma(`z_vlist') iterate(1000) svfrontier(SV) nolog


numerical derivatives are approximate
nearby values are missing
numerical derivatives are approximate
nearby values are missing
numerical derivatives are approximate
nearby values are missing
numerical derivatives are approximate
nearby values are missing
numerical derivatives are approximate
nearby values are missing
numerical derivatives are approximate
nearby values are missing

Inefficiency effects model (truncated-normal)        Number of obs =      5595
Group variable: pid                               Number of groups =      1877
Time variable: year                             Obs per group: min =         1
                                                               avg =       3.0
                                                               max =         9

                                                     Prob > chi2   =    0.0000
Log pseudolikelihood =  -307.2718                    Wald chi2(5)  =  11021.82

                                                    (Std. Err. adjusted for 1877 clusters in pid)
-------------------------------------------------------------------------------------------------
                                |               Robust
           lntotalspecificcosts |      Coef.   Std. Err.      z    P>|z|     [95% Conf. Interval]
--------------------------------+----------------------------------------------------------------
Frontier                        |
                lndairyproducts |   .9818454    .010178    96.47   0.000     .9618969    1.001794
                 lnPTotalCattle |   .3427352   .0754286     4.54   0.000     .1948979    .4905726
lnPCompoundfeedingstuffsforcatt |   1.008002   .1068915     9.43   0.000     .7984987    1.217506
 lnPFERTILISERSANDSOILIMPROVERS |    .558533   .0903196     6.18   0.000     .3815098    .7355562
                          TREND |  -.0487459   .0061799    -7.89   0.000    -.0608583   -.0366336
                          _cons |  -14.55899          .        .       .            .           .
--------------------------------+----------------------------------------------------------------
Mu                              |
                   lngrassratio |   .0123602   .0028007     4.41   0.000      .006871    .0178495
                      lnspecial |  -.8842923   .0591677   -14.95   0.000    -1.000259   -.7683257
                          _cons |    7.63149   .4386679    17.40   0.000     6.771717    8.491264
--------------------------------+----------------------------------------------------------------
Usigma                          |
                   lngrassratio |   17.48526   2.245361     7.79   0.000     13.08443    21.88608
                      lnspecial |  -3.150386          .        .       .            .           .
                          _cons |  -45.69429          .        .       .            .           .
--------------------------------+----------------------------------------------------------------
Vsigma                          |
                          _cons |  -2.728037   .0495259   -55.08   0.000    -2.825106   -2.630968
--------------------------------+----------------------------------------------------------------
  E(sigma_u) |   2.00e-06                                 1.17e-06    2.83e-06
     sigma_v |   .2556314   .0063302    40.38   0.000     .2435208    .2683444
------------------------------------------------------------------------------

. estimates store `model1name'_UKI_`tech_or_cost'

. estimates save `fadnoutdatadir'/`model1name'_UKI_`tech_or_cost'_$datestamp$timestamp.ster, replace
(note: file D:\Data/data_FADNPanelAnalysis/OutData/multisward/bc95_UKI_cost_2015_02_010759pm.ster not found)
file D:\Data/data_FADNPanelAnalysis/OutData/multisward/bc95_UKI_cost_2015_02_010759pm.ster saved

. di `e(converged)'
1

. 
. 
. qui xtreg `dep_vlist' `indep_vlist' TREND if atl_plains == 1, fe

. matrix define SV = e(b)

. sfpanel `dep_vlist' `indep_vlist' TREND if atl_plains == 1, `cost'  model(bc95) d(tnormal) posthessian robust emean(`z_vlist') usigma(`z_vlist') vsigma(TREND) iterate(1000) svfrontier(SV
> ) nolog


numerical derivatives are approximate
nearby values are missing
numerical derivatives are approximate
nearby values are missing
numerical derivatives are approximate
nearby values are missing
numerical derivatives are approximate
nearby values are missing
numerical derivatives are approximate
nearby values are missing
numerical derivatives are approximate
nearby values are missing
numerical derivatives are approximate
nearby values are missing
numerical derivatives are approximate
nearby values are missing
numerical derivatives are approximate
nearby values are missing
numerical derivatives are approximate
nearby values are missing
numerical derivatives are approximate
nearby values are missing
numerical derivatives are approximate
nearby values are missing
numerical derivatives are approximate
nearby values are missing
numerical derivatives are approximate
nearby values are missing
numerical derivatives are approximate
nearby values are missing
numerical derivatives are approximate
nearby values are missing
numerical derivatives are approximate
nearby values are missing
numerical derivatives are approximate
nearby values are missing
numerical derivatives are approximate
nearby values are missing

Inefficiency effects model (truncated-normal)        Number of obs =      7899
Group variable: pid                               Number of groups =      2031
Time variable: year                             Obs per group: min =         1
                                                               avg =       3.9
                                                               max =         9

                                                     Prob > chi2   =    0.0000
Log pseudolikelihood =  2227.5246                    Wald chi2(5)  =  12691.87

                                                    (Std. Err. adjusted for 2031 clusters in pid)
-------------------------------------------------------------------------------------------------
                                |               Robust
           lntotalspecificcosts |      Coef.   Std. Err.      z    P>|z|     [95% Conf. Interval]
--------------------------------+----------------------------------------------------------------
Frontier                        |
                lndairyproducts |   .9946558   .0090022   110.49   0.000     .9770118      1.0123
                 lnPTotalCattle |  -.0706241   .0655183    -1.08   0.281    -.1990376    .0577894
lnPCompoundfeedingstuffsforcatt |   .7844314    .163114     4.81   0.000     .4647338    1.104129
 lnPFERTILISERSANDSOILIMPROVERS |   .5560524   .0817091     6.81   0.000     .3959056    .7161993
                          TREND |  -.0528959   .0041839   -12.64   0.000    -.0610963   -.0446956
                          _cons |  -9.209079   .6015904   -15.31   0.000    -10.38817   -8.029984
--------------------------------+----------------------------------------------------------------
Mu                              |
                   lngrassratio |   -.017897   .0043348    -4.13   0.000    -.0263931   -.0094009
                      lnspecial |  -1.006455   .0526828   -19.10   0.000    -1.109711   -.9031983
                          _cons |   3.291147          .        .       .            .           .
--------------------------------+----------------------------------------------------------------
Usigma                          |
                   lngrassratio |   .4868309          .        .       .            .           .
                      lnspecial |   13.59213   2.916911     4.66   0.000      7.87509    19.30917
                          _cons |  -37.66934   7.265851    -5.18   0.000    -51.91015   -23.42853
--------------------------------+----------------------------------------------------------------
Vsigma                          |
                          TREND |     .56105   .0210261    26.68   0.000     .5198396    .6022605
                          _cons |  -4.692597   .0767981   -61.10   0.000    -4.843118   -4.542075
--------------------------------+----------------------------------------------------------------
  E(sigma_u) |   197.4801                                -189.5494    584.5097
  E(sigma_v) |   .4844316                                 .4769985    .4918647
------------------------------------------------------------------------------

. estimates store `model1name'_ATL_`tech_or_cost'

. estimates save `fadnoutdatadir'/`model1name'_ATL_`tech_or_cost'_$datestamp$timestamp.ster, replace
(note: file D:\Data/data_FADNPanelAnalysis/OutData/multisward/bc95_ATL_cost_2015_02_010759pm.ster not found)
file D:\Data/data_FADNPanelAnalysis/OutData/multisward/bc95_ATL_cost_2015_02_010759pm.ster saved

. di `e(converged)'
1

. 
. 
. * CEU model's likelihood function is difficult. dfp algorithm (tech option) with plain OLS for 
. *   start parameters seems to let the model complete.
. qui reg `dep_vlist' `indep_vlist' TREND if cont_eur == 1

. matrix define SV = e(b)

. sfpanel `dep_vlist' `indep_vlist' TREND if cont_eur == 1,   `cost' model(bc95) d(tnormal) posthessian robust emean(`z_vlist') usigma(`z_vlist') iterate(1000) svfrontier(SV) tech(dfp) nol
> og //nr bhhh bfgs



Inefficiency effects model (truncated-normal)        Number of obs =     20831
Group variable: pid                               Number of groups =      5673
Time variable: year                             Obs per group: min =         1
                                                               avg =       3.7
                                                               max =         9

                                                     Prob > chi2   =    0.0000
Log pseudolikelihood = -4841.9982                    Wald chi2(5)  =  33009.09

                                                    (Std. Err. adjusted for 5673 clusters in pid)
-------------------------------------------------------------------------------------------------
                                |               Robust
           lntotalspecificcosts |      Coef.   Std. Err.      z    P>|z|     [95% Conf. Interval]
--------------------------------+----------------------------------------------------------------
Frontier                        |
                lndairyproducts |   1.049198   .0064655   162.28   0.000     1.036526     1.06187
                 lnPTotalCattle |   .0110346   .0427745     0.26   0.796    -.0728018     .094871
lnPCompoundfeedingstuffsforcatt |   .7150544   .0291327    24.54   0.000     .6579553    .7721535
 lnPFERTILISERSANDSOILIMPROVERS |   .6000954   .0487739    12.30   0.000     .5045004    .6956905
                          TREND |  -.0225913   .0024964    -9.05   0.000    -.0274842   -.0176984
                          _cons |  -15.21652   .1867089   -81.50   0.000    -15.58246   -14.85057
--------------------------------+----------------------------------------------------------------
Mu                              |
                   lngrassratio |   .0178187   .0020865     8.54   0.000     .0137292    .0219082
                      lnspecial |  -.8213633   .0364186   -22.55   0.000    -.8927425   -.7499842
                          _cons |   8.290072          .        .       .            .           .
--------------------------------+----------------------------------------------------------------
Usigma                          |
                   lngrassratio |   2.128345   .3390293     6.28   0.000      1.46386     2.79283
                      lnspecial |   6.580776   1.425509     4.62   0.000     3.786829    9.374724
                          _cons |   -20.3493   2.941466    -6.92   0.000    -26.11446   -14.58413
--------------------------------+----------------------------------------------------------------
Vsigma                          |
                          _cons |  -2.510079    .035253   -71.20   0.000    -2.579174   -2.440985
--------------------------------+----------------------------------------------------------------
  E(sigma_u) |    .095531                                 .0872773    .1037848
     sigma_v |   .2850646   .0050247    56.73   0.000     .2753845    .2950849
------------------------------------------------------------------------------

. estimates store `model1name'_CEU_`tech_or_cost'

. estimates save `fadnoutdatadir'/`model1name'_CEU_`tech_or_cost'_$datestamp$timestamp.ster, replace
(note: file D:\Data/data_FADNPanelAnalysis/OutData/multisward/bc95_CEU_cost_2015_02_010759pm.ster not found)
file D:\Data/data_FADNPanelAnalysis/OutData/multisward/bc95_CEU_cost_2015_02_010759pm.ster saved

. di `e(converged)'
1

. 
. 
. sfpanel `dep_vlist' `indep_vlist' TREND , `cost' model(bc95) d(tnormal) posthessian robust emean(`z_vlist') usigma(`z_vlist') vsigma(TREND) iterate(1000)  tech(dfp) nolog // not specifyi
> ng svfrontier is best


numerical derivatives are approximate
nearby values are missing
numerical derivatives are approximate
nearby values are missing
numerical derivatives are approximate
nearby values are missing
numerical derivatives are approximate
nearby values are missing
numerical derivatives are approximate
nearby values are missing
numerical derivatives are approximate
nearby values are missing
numerical derivatives are approximate
nearby values are missing
numerical derivatives are approximate
nearby values are missing
numerical derivatives are approximate
nearby values are missing
numerical derivatives are approximate
nearby values are missing
numerical derivatives are approximate
nearby values are missing
numerical derivatives are approximate
nearby values are missing
numerical derivatives are approximate
nearby values are missing
numerical derivatives are approximate
nearby values are missing
numerical derivatives are approximate
nearby values are missing
numerical derivatives are approximate
nearby values are missing
numerical derivatives are approximate
nearby values are missing
numerical derivatives are approximate
nearby values are missing
numerical derivatives are approximate
nearby values are missing
numerical derivatives are approximate
nearby values are missing
numerical derivatives are approximate
nearby values are missing
numerical derivatives are approximate
nearby values are missing
numerical derivatives are approximate
nearby values are missing
numerical derivatives are approximate
nearby values are missing
numerical derivatives are approximate
nearby values are missing
numerical derivatives are approximate
nearby values are missing
numerical derivatives are approximate
nearby values are missing
numerical derivatives are approximate
nearby values are missing
numerical derivatives are approximate
nearby values are missing
numerical derivatives are approximate
nearby values are missing
numerical derivatives are approximate
nearby values are missing
numerical derivatives are approximate
nearby values are missing
numerical derivatives are approximate
nearby values are missing
numerical derivatives are approximate
nearby values are missing
numerical derivatives are approximate
nearby values are missing
numerical derivatives are approximate
nearby values are missing
could not calculate numerical derivatives -- discontinuous region with missing values encountered
could not calculate numerical derivatives -- discontinuous region with missing values encountered
estimates post: matrix has missing values
r(504);

end of do-file
There was a problem running multisward.
D:\Data

end of do-file


. do run_thesis

. quietly {
You started in this directory:
D:\Data\





Running multisward project...
_startdir:      D:\Data
_datasource:    D:\Data\data_FADNPanelAnalysis
_project:       multisward
_mainfile:      msward_WFSresults_cost_fixed
D:\Data\data_FADNPanelAnalysis
D:\Data\data_FADNPanelAnalysis\Do_Files\multisward

. quiet{
--------------------------------------------------------------------------------------------------------------------------------------------------------------------------------------------
      name:  <unnamed>
       log:  D:\Data\data_FADNPanelAnalysis\Do_Files\multisward\logs/multisward2015_02_01.txt
  log type:  text
 opened on:   1 Feb 2015, 20:19:38

. di  "Job  Started  at  $S_TIME  on $S_DATE"
Job  Started  at  20:19:38  on  1 Feb 2015

. cmdlog using logs/$project$datestamp.cmd.txt, append 
(cmdlog D:\Data\data_FADNPanelAnalysis\Do_Files\multisward\logs/multisward2015_02_01.cmd.txt opened)

. 
. * dpallocgo will be neg if beefandveal < 0 and large. Causes missing 
. *  value in lnspecial. There's < 10 of these in each country, and they
. *  represent about 1700 farm-years over the entire sample of over 
. *  1.25 million farm-years
. drop if dpallocgo < 0
(16 observations deleted)

. 
. preserve

. 
. 
. drop country

. gen int country = countrycode2

. keep pid year country `dep_vlist' `indep_vlist' `z_vlist' TREND

. 
. outsheet _all using `fadnoutdatadir'/exported_data.csv, comma replace nolabel

. save `fadnoutdatadir'/exported_data.dta, replace nolabel
file D:\\Data/data_FADNPanelAnalysis/OutData/multisward/exported_data.dta saved

. 
. restore

. 
. 
. 
. * ===================
. * MODEL COMMANDS HERE
. * ===================
. if "`cost'"=="cost"{
.         local   tech_or_cost    "cost"
. }

. else{
.         local   tech_or_cost    "tech"
. }

. 
. /*
> qui reg `dep_vlist' `indep_vlist' TREND if country == "DEU"
> matrix define SV = e(b)
> sfpanel `dep_vlist' `indep_vlist' TREND if country == "DEU",  `cost' model(bc95) d(tnormal) posthessian robust emean(`z_vlist') vsigma(TREND) iterate(1000) svfrontier(SV) nolog
> estimates store `model1name'_DEU_`tech_or_cost'
> estimates save `fadnoutdatadir'/`model1name'_DEU_`tech_or_cost'_$datestamp$timestamp.ster, replace
> di `e(converged)'
> 
> 
> qui xtreg `dep_vlist' `indep_vlist' TREND if country == "FRA",  fe
> matrix define SV = e(b)
> sfpanel `dep_vlist' `indep_vlist' TREND if country == "FRA",  `cost' model(bc95) d(tnormal) posthessian robust emean(`z_vlist') usigma(`z_vlist') vsigma(TREND) iterate(1000) svfrontier(S
> V) nolog
> estimates store `model1name'_FRA_`tech_or_cost' 
> estimates save `fadnoutdatadir'/`model1name'_FRA_`tech_or_cost'_$datestamp$timestamp.ster, replace
> di `e(converged)'
> 
> 
> qui xtreg `dep_vlist' `indep_vlist' TREND if country == "IRE",  fe
> matrix define SV = e(b)
> sfpanel `dep_vlist' `indep_vlist' TREND if country == "IRE",  `cost' model(bc95) d(tnormal) posthessian robust emean(`z_vlist') usigma(`z_vlist') iterate(1000) svfrontier(SV) nolog
> estimates store `model1name'_IRE_`tech_or_cost'
> estimates save `fadnoutdatadir'/`model1name'_IRE_`tech_or_cost'_$datestamp$timestamp.ster, replace
> di `e(converged)'
> 
> 
> qui xtreg `dep_vlist' `indep_vlist' TREND if country == "UKI",  fe
> matrix define SV = e(b)
> sfpanel `dep_vlist' `indep_vlist' TREND if country == "UKI",  `cost' model(bc95) d(tnormal) posthessian robust emean(`z_vlist') usigma(`z_vlist') iterate(1000) svfrontier(SV) nolog
> estimates store `model1name'_UKI_`tech_or_cost'
> estimates save `fadnoutdatadir'/`model1name'_UKI_`tech_or_cost'_$datestamp$timestamp.ster, replace
> di `e(converged)'
> 
> 
> qui xtreg `dep_vlist' `indep_vlist' TREND if atl_plains == 1, fe
> matrix define SV = e(b)
> sfpanel `dep_vlist' `indep_vlist' TREND if atl_plains == 1, `cost'  model(bc95) d(tnormal) posthessian robust emean(`z_vlist') usigma(`z_vlist') vsigma(TREND) iterate(1000) svfrontier(SV
> ) nolog
> estimates store `model1name'_ATL_`tech_or_cost'
> estimates save `fadnoutdatadir'/`model1name'_ATL_`tech_or_cost'_$datestamp$timestamp.ster, replace
> di `e(converged)'
> 
> 
> * CEU model's likelihood function is difficult. dfp algorithm (tech option) with plain OLS for 
> *   start parameters seems to let the model complete.
> qui reg `dep_vlist' `indep_vlist' TREND if cont_eur == 1
> matrix define SV = e(b)
> sfpanel `dep_vlist' `indep_vlist' TREND if cont_eur == 1,   `cost' model(bc95) d(tnormal) posthessian robust emean(`z_vlist') usigma(`z_vlist') iterate(1000) svfrontier(SV) tech(dfp) nol
> og //nr bhhh bfgs
> estimates store `model1name'_CEU_`tech_or_cost'
> estimates save `fadnoutdatadir'/`model1name'_CEU_`tech_or_cost'_$datestamp$timestamp.ster, replace
> di `e(converged)'
> */
. 
. qui reg `dep_vlist' `indep_vlist' TREND if country == "DEU"

. matrix define SV = e(b)

. sfpanel `dep_vlist' `indep_vlist' TREND , `cost' model(bc95) d(tnormal) posthessian robust emean(`z_vlist') usigma(`z_vlist') vsigma(TREND) iterate(1000)  svfrontier(SV) tech(dfp) nolog 
> // not specifying svfrontier is best


numerical derivatives are approximate
nearby values are missing
numerical derivatives are approximate
nearby values are missing
numerical derivatives are approximate
nearby values are missing
numerical derivatives are approximate
nearby values are missing
numerical derivatives are approximate
nearby values are missing
numerical derivatives are approximate
nearby values are missing
numerical derivatives are approximate
nearby values are missing
numerical derivatives are approximate
nearby values are missing
numerical derivatives are approximate
nearby values are missing
numerical derivatives are approximate
nearby values are missing
numerical derivatives are approximate
nearby values are missing
numerical derivatives are approximate
nearby values are missing
numerical derivatives are approximate
nearby values are missing
numerical derivatives are approximate
nearby values are missing
numerical derivatives are approximate
nearby values are missing
numerical derivatives are approximate
nearby values are missing
numerical derivatives are approximate
nearby values are missing
numerical derivatives are approximate
nearby values are missing
numerical derivatives are approximate
nearby values are missing
numerical derivatives are approximate
nearby values are missing

Inefficiency effects model (truncated-normal)        Number of obs =     28730
Group variable: pid                               Number of groups =      7704
Time variable: year                             Obs per group: min =         1
                                                               avg =       3.7
                                                               max =         9

                                                     Prob > chi2   =    0.0000
Log pseudolikelihood =  3265.1444                    Wald chi2(5)  =  30674.76

                                                    (Std. Err. adjusted for 7704 clusters in pid)
-------------------------------------------------------------------------------------------------
                                |               Robust
           lntotalspecificcosts |      Coef.   Std. Err.      z    P>|z|     [95% Conf. Interval]
--------------------------------+----------------------------------------------------------------
Frontier                        |
                lndairyproducts |   1.027185   .0059547   172.50   0.000     1.015514    1.038856
                 lnPTotalCattle |   .0912236   .0377939     2.41   0.016     .0171489    .1652983
lnPCompoundfeedingstuffsforcatt |   .9515017   .0839668    11.33   0.000     .7869298    1.116074
 lnPFERTILISERSANDSOILIMPROVERS |   .2476618   .0512408     4.83   0.000     .1472317     .348092
                          TREND |  -.0225051   .0022248   -10.12   0.000    -.0268656   -.0181446
                          _cons |  -8.462731   .3305421   -25.60   0.000    -9.110581    -7.81488
--------------------------------+----------------------------------------------------------------
Mu                              |
                   lngrassratio |   .0098426    .002143     4.59   0.000     .0056424    .0140429
                      lnspecial |  -.8444112   .0425603   -19.84   0.000     -.927828   -.7609945
                          _cons |    2.40348   .1835968    13.09   0.000     2.043637    2.763323
--------------------------------+----------------------------------------------------------------
Usigma                          |
                   lngrassratio |  -.7687018   .4885961    -1.57   0.116    -1.726332     .188929
                      lnspecial |   3.502658   .9345995     3.75   0.000     1.670876    5.334439
                          _cons |  -15.39521          .        .       .            .           .
--------------------------------+----------------------------------------------------------------
Vsigma                          |
                          TREND |   .5743306   .0125766    45.67   0.000     .5496809    .5989803
                          _cons |   -4.45564   .0493358   -90.31   0.000    -4.552336   -4.358943
--------------------------------+----------------------------------------------------------------
  E(sigma_u) |   .0294582                                 .0290367    .0298797
  E(sigma_v) |     .57008                                  .565388     .574772
------------------------------------------------------------------------------

. estimates store `model1name'_ALL_`tech_or_cost'

. estimates save `fadnoutdatadir'/`model1name'_ALL_`tech_or_cost'_$datestamp$timestamp.ster, replace
(note: file D:\Data/data_FADNPanelAnalysis/OutData/multisward/bc95_ALL_cost_2015_02_010819pm.ster not found)
file D:\Data/data_FADNPanelAnalysis/OutData/multisward/bc95_ALL_cost_2015_02_010819pm.ster saved

. di `e(converged)'
1

. 
. log close
      name:  <unnamed>
       log:  D:\Data\data_FADNPanelAnalysis\Do_Files\multisward\logs/multisward2015_02_01.txt
  log type:  text
 closed on:   1 Feb 2015, 20:21:11
--------------------------------------------------------------------------------------------------------------------------------------------------------------------------------------------
--------------------------------------------------------------------------------------------------------------------------------------------------------------------------------------------
      name:  <unnamed>
       log:  D:\Data\data_FADNPanelAnalysis\Do_Files\multisward\logs/multisward2015_02_01.txt
  log type:  text
 opened on:   1 Feb 2015, 20:22:04

. di  "Job  Started  at  $S_TIME  on $S_DATE"
Job  Started  at  20:22:04  on  1 Feb 2015

. cmdlog using logs/$project$datestamp.cmd.txt, append 
(cmdlog D:\Data\data_FADNPanelAnalysis\Do_Files\multisward\logs/multisward2015_02_01.cmd.txt opened)

. 
. * dpallocgo will be neg if beefandveal < 0 and large. Causes missing 
. *  value in lnspecial. There's < 10 of these in each country, and they
. *  represent about 1700 farm-years over the entire sample of over 
. *  1.25 million farm-years
. drop if dpallocgo < 0
(16 observations deleted)

. 
. preserve

. 
. 
. drop country

. gen int country = countrycode2

. keep pid year country `dep_vlist' `indep_vlist' `z_vlist' TREND

. 
. outsheet _all using `fadnoutdatadir'/exported_data.csv, comma replace nolabel

. save `fadnoutdatadir'/exported_data.dta, replace nolabel
file D:\\Data/data_FADNPanelAnalysis/OutData/multisward/exported_data.dta saved

. 
. restore

. 
. 
. 
. * ===================
. * MODEL COMMANDS HERE
. * ===================
. if "`cost'"=="cost"{
.         local   tech_or_cost    "cost"
. }

. else{
.         local   tech_or_cost    "tech"
. }

. 
. 
. qui reg `dep_vlist' `indep_vlist' TREND if country == "DEU"

. matrix define SV = e(b)

. sfpanel `dep_vlist' `indep_vlist' TREND if country == "DEU",  `cost' model(bc95) d(tnormal) posthessian robust emean(`z_vlist') vsigma(TREND) iterate(1000) svfrontier(SV) nolog


numerical derivatives are approximate
nearby values are missing
numerical derivatives are approximate
nearby values are missing
numerical derivatives are approximate
nearby values are missing
numerical derivatives are approximate
nearby values are missing
numerical derivatives are approximate
nearby values are missing
numerical derivatives are approximate
nearby values are missing
numerical derivatives are approximate
nearby values are missing
numerical derivatives are approximate
nearby values are missing
numerical derivatives are approximate
nearby values are missing
numerical derivatives are approximate
nearby values are missing
numerical derivatives are approximate
nearby values are missing
numerical derivatives are approximate
nearby values are missing

Inefficiency effects model (truncated-normal)        Number of obs =     14887
Group variable: pid                               Number of groups =      3157
Time variable: year                             Obs per group: min =         1
                                                               avg =       4.7
                                                               max =         9

                                                     Prob > chi2   =    0.0000
Log pseudolikelihood =  2862.0703                    Wald chi2(5)  =   9430.10

                                                    (Std. Err. adjusted for 3157 clusters in pid)
-------------------------------------------------------------------------------------------------
                                |               Robust
           lntotalspecificcosts |      Coef.   Std. Err.      z    P>|z|     [95% Conf. Interval]
--------------------------------+----------------------------------------------------------------
Frontier                        |
                lndairyproducts |   1.051241    .011442    91.88   0.000     1.028815    1.073667
                 lnPTotalCattle |   .1795265   .0524487     3.42   0.001     .0767289    .2823241
lnPCompoundfeedingstuffsforcatt |   .3564024   .0554083     6.43   0.000     .2478041    .4650007
 lnPFERTILISERSANDSOILIMPROVERS |   .1337889   .0558927     2.39   0.017     .0242413    .2433366
                          TREND |   .0049827   .0030432     1.64   0.102    -.0009819    .0109473
                          _cons |  -5.238177   .3627577   -14.44   0.000    -5.949169   -4.527185
--------------------------------+----------------------------------------------------------------
Mu                              |
                   lngrassratio |   .0285641   .0031778     8.99   0.000     .0223357    .0347925
                      lnspecial |  -.7160317   .0918178    -7.80   0.000    -.8959911   -.5360722
                          _cons |   1.798388   .1774975    10.13   0.000     1.450499    2.146277
--------------------------------+----------------------------------------------------------------
Usigma                          |
                          _cons |  -7.608821   .1659665   -45.85   0.000    -7.934109   -7.283532
--------------------------------+----------------------------------------------------------------
Vsigma                          |
                          TREND |   .7467652   .0217766    34.29   0.000     .7040838    .7894465
                          _cons |  -4.735978   .0685741   -69.06   0.000    -4.870381   -4.601575
--------------------------------+----------------------------------------------------------------
  E(sigma_v) |   .8990344                                 .8861509     .911918
     sigma_u |   .0222723   .0018482    12.05   0.000     .0189291     .026206
------------------------------------------------------------------------------

. estimates store `model1name'_DEU_`tech_or_cost'

. estimates save `fadnoutdatadir'/`model1name'_DEU_`tech_or_cost'_$datestamp$timestamp.ster, replace
(note: file D:\Data/data_FADNPanelAnalysis/OutData/multisward/bc95_DEU_cost_2015_02_010822pm.ster not found)
file D:\Data/data_FADNPanelAnalysis/OutData/multisward/bc95_DEU_cost_2015_02_010822pm.ster saved

. di `e(converged)'
1

. 
. 
. qui xtreg `dep_vlist' `indep_vlist' TREND if country == "FRA",  fe

. matrix define SV = e(b)

. sfpanel `dep_vlist' `indep_vlist' TREND if country == "FRA",  `cost' model(bc95) d(tnormal) posthessian robust emean(`z_vlist') usigma(`z_vlist') vsigma(TREND) iterate(1000) svfrontier(S
> V) nolog



Inefficiency effects model (truncated-normal)        Number of obs =      4609
Group variable: pid                               Number of groups =      1935
Time variable: year                             Obs per group: min =         1
                                                               avg =       2.4
                                                               max =         8

                                                     Prob > chi2   =    0.0000
Log pseudolikelihood =  -347.9276                    Wald chi2(5)  =   4578.86

                                                    (Std. Err. adjusted for 1935 clusters in pid)
-------------------------------------------------------------------------------------------------
                                |               Robust
           lntotalspecificcosts |      Coef.   Std. Err.      z    P>|z|     [95% Conf. Interval]
--------------------------------+----------------------------------------------------------------
Frontier                        |
                lndairyproducts |   1.036638   .0159179    65.12   0.000     1.005439    1.067836
                 lnPTotalCattle |  -.1277287   .1046261    -1.22   0.222    -.3327922    .0773348
lnPCompoundfeedingstuffsforcatt |   1.170663   .1516302     7.72   0.000      .873473    1.467853
 lnPFERTILISERSANDSOILIMPROVERS |   .8258603   .1257912     6.57   0.000     .5793141    1.072407
                          TREND |  -.0538638   .0058543    -9.20   0.000     -.065338   -.0423895
                          _cons |  -70.38721   .6851205  -102.74   0.000    -71.73002    -69.0444
--------------------------------+----------------------------------------------------------------
Mu                              |
                   lngrassratio |   -.004218   .0039853    -1.06   0.290    -.0120289     .003593
                      lnspecial |  -.7972479   .0666621   -11.96   0.000    -.9279033   -.6665925
                          _cons |    60.4803          .        .       .            .           .
--------------------------------+----------------------------------------------------------------
Usigma                          |
                   lngrassratio |   .9608197          .        .       .            .           .
                      lnspecial |   191.4253   .0413806  4625.97   0.000     191.3442    191.5064
                          _cons |  -505.3821          .        .       .            .           .
--------------------------------+----------------------------------------------------------------
Vsigma                          |
                          TREND |   .3197622   .0170573    18.75   0.000     .2863305    .3531939
                          _cons |  -3.709485   .0862615   -43.00   0.000    -3.878554   -3.540415
--------------------------------+----------------------------------------------------------------
  E(sigma_u) |   9.44e+50                                -9.06e+50    2.79e+51
  E(sigma_v) |   .3823581                                 .3778091     .386907
------------------------------------------------------------------------------

. estimates store `model1name'_FRA_`tech_or_cost' 

. estimates save `fadnoutdatadir'/`model1name'_FRA_`tech_or_cost'_$datestamp$timestamp.ster, replace
(note: file D:\Data/data_FADNPanelAnalysis/OutData/multisward/bc95_FRA_cost_2015_02_010822pm.ster not found)
file D:\Data/data_FADNPanelAnalysis/OutData/multisward/bc95_FRA_cost_2015_02_010822pm.ster saved

. di `e(converged)'
1

. 
. 
. qui xtreg `dep_vlist' `indep_vlist' TREND if country == "IRE",  fe

. matrix define SV = e(b)

. sfpanel `dep_vlist' `indep_vlist' TREND if country == "IRE",  `cost' model(bc95) d(tnormal) posthessian robust emean(`z_vlist') usigma(`z_vlist') iterate(1000) svfrontier(SV) nolog


numerical derivatives are approximate
nearby values are missing
numerical derivatives are approximate
nearby values are missing
numerical derivatives are approximate
nearby values are missing
numerical derivatives are approximate
flat or discontinuous region encountered
numerical derivatives are approximate
flat or discontinuous region encountered

Inefficiency effects model (truncated-normal)        Number of obs =      3639
Group variable: pid                               Number of groups =       735
Time variable: year                             Obs per group: min =         1
                                                               avg =       5.0
                                                               max =         9

                                                     Prob > chi2   =    0.0000
Log pseudolikelihood =   137.2419                    Wald chi2(5)  =   5935.84

                                                     (Std. Err. adjusted for 735 clusters in pid)
-------------------------------------------------------------------------------------------------
                                |               Robust
           lntotalspecificcosts |      Coef.   Std. Err.      z    P>|z|     [95% Conf. Interval]
--------------------------------+----------------------------------------------------------------
Frontier                        |
                lndairyproducts |   .9735584   .0135017    72.11   0.000     .9470956    1.000021
                 lnPTotalCattle |    .313745    .073284     4.28   0.000     .1701109    .4573791
lnPCompoundfeedingstuffsforcatt |   .9092504    .092169     9.87   0.000     .7286024    1.089898
 lnPFERTILISERSANDSOILIMPROVERS |   .4035705    .084841     4.76   0.000     .2372852    .5698558
                          TREND |  -.0444544   .0052685    -8.44   0.000    -.0547804   -.0341283
                          _cons |  -13.40794   .5231296   -25.63   0.000    -14.43325   -12.38262
--------------------------------+----------------------------------------------------------------
Mu                              |
                   lngrassratio |  -.0177803   .0064044    -2.78   0.005    -.0303327   -.0052279
                      lnspecial |   -.884376   .0818295   -10.81   0.000    -1.044759    -.723993
                          _cons |   7.585813          .        .       .            .           .
--------------------------------+----------------------------------------------------------------
Usigma                          |
                   lngrassratio |   4.793232   1.333548     3.59   0.000     2.179526    7.406937
                      lnspecial |  -12.68871          .        .       .            .           .
                          _cons |  -6.156867          .        .       .            .           .
--------------------------------+----------------------------------------------------------------
Vsigma                          |
                          _cons |  -2.913297   .0506192   -57.55   0.000    -3.012509   -2.814085
--------------------------------+----------------------------------------------------------------
  E(sigma_u) |   4.18e-06                                 2.79e-06    5.57e-06
     sigma_v |   .2330159   .0058975    39.51   0.000      .221739    .2448664
------------------------------------------------------------------------------

. estimates store `model1name'_IRE_`tech_or_cost'

. estimates save `fadnoutdatadir'/`model1name'_IRE_`tech_or_cost'_$datestamp$timestamp.ster, replace
(note: file D:\Data/data_FADNPanelAnalysis/OutData/multisward/bc95_IRE_cost_2015_02_010822pm.ster not found)
file D:\Data/data_FADNPanelAnalysis/OutData/multisward/bc95_IRE_cost_2015_02_010822pm.ster saved

. di `e(converged)'
1

. 
. 
. qui xtreg `dep_vlist' `indep_vlist' TREND if country == "UKI",  fe

. matrix define SV = e(b)

. sfpanel `dep_vlist' `indep_vlist' TREND if country == "UKI",  `cost' model(bc95) d(tnormal) posthessian robust emean(`z_vlist') usigma(`z_vlist') iterate(1000) svfrontier(SV) nolog


numerical derivatives are approximate
nearby values are missing
numerical derivatives are approximate
nearby values are missing
numerical derivatives are approximate
nearby values are missing
numerical derivatives are approximate
nearby values are missing
numerical derivatives are approximate
nearby values are missing
numerical derivatives are approximate
nearby values are missing

Inefficiency effects model (truncated-normal)        Number of obs =      5595
Group variable: pid                               Number of groups =      1877
Time variable: year                             Obs per group: min =         1
                                                               avg =       3.0
                                                               max =         9

                                                     Prob > chi2   =    0.0000
Log pseudolikelihood =  -307.2718                    Wald chi2(5)  =  11021.82

                                                    (Std. Err. adjusted for 1877 clusters in pid)
-------------------------------------------------------------------------------------------------
                                |               Robust
           lntotalspecificcosts |      Coef.   Std. Err.      z    P>|z|     [95% Conf. Interval]
--------------------------------+----------------------------------------------------------------
Frontier                        |
                lndairyproducts |   .9818454    .010178    96.47   0.000     .9618969    1.001794
                 lnPTotalCattle |   .3427352   .0754286     4.54   0.000     .1948979    .4905726
lnPCompoundfeedingstuffsforcatt |   1.008002   .1068915     9.43   0.000     .7984987    1.217506
 lnPFERTILISERSANDSOILIMPROVERS |    .558533   .0903196     6.18   0.000     .3815098    .7355562
                          TREND |  -.0487459   .0061799    -7.89   0.000    -.0608583   -.0366336
                          _cons |  -14.55899          .        .       .            .           .
--------------------------------+----------------------------------------------------------------
Mu                              |
                   lngrassratio |   .0123602   .0028007     4.41   0.000      .006871    .0178495
                      lnspecial |  -.8842923   .0591677   -14.95   0.000    -1.000259   -.7683257
                          _cons |    7.63149   .4386679    17.40   0.000     6.771717    8.491264
--------------------------------+----------------------------------------------------------------
Usigma                          |
                   lngrassratio |   17.48526   2.245361     7.79   0.000     13.08443    21.88608
                      lnspecial |  -3.150386          .        .       .            .           .
                          _cons |  -45.69429          .        .       .            .           .
--------------------------------+----------------------------------------------------------------
Vsigma                          |
                          _cons |  -2.728037   .0495259   -55.08   0.000    -2.825106   -2.630968
--------------------------------+----------------------------------------------------------------
  E(sigma_u) |   2.00e-06                                 1.17e-06    2.83e-06
     sigma_v |   .2556314   .0063302    40.38   0.000     .2435208    .2683444
------------------------------------------------------------------------------

. estimates store `model1name'_UKI_`tech_or_cost'

. estimates save `fadnoutdatadir'/`model1name'_UKI_`tech_or_cost'_$datestamp$timestamp.ster, replace
(note: file D:\Data/data_FADNPanelAnalysis/OutData/multisward/bc95_UKI_cost_2015_02_010822pm.ster not found)
file D:\Data/data_FADNPanelAnalysis/OutData/multisward/bc95_UKI_cost_2015_02_010822pm.ster saved

. di `e(converged)'
1

. 
. 
. qui xtreg `dep_vlist' `indep_vlist' TREND if atl_plains == 1, fe

. matrix define SV = e(b)

. sfpanel `dep_vlist' `indep_vlist' TREND if atl_plains == 1, `cost'  model(bc95) d(tnormal) posthessian robust emean(`z_vlist') usigma(`z_vlist') vsigma(TREND) iterate(1000) svfrontier(SV
> ) nolog


numerical derivatives are approximate
nearby values are missing
numerical derivatives are approximate
nearby values are missing
numerical derivatives are approximate
nearby values are missing
numerical derivatives are approximate
nearby values are missing
numerical derivatives are approximate
nearby values are missing
numerical derivatives are approximate
nearby values are missing
numerical derivatives are approximate
nearby values are missing
numerical derivatives are approximate
nearby values are missing
numerical derivatives are approximate
nearby values are missing
numerical derivatives are approximate
nearby values are missing
numerical derivatives are approximate
nearby values are missing
numerical derivatives are approximate
nearby values are missing
numerical derivatives are approximate
nearby values are missing
numerical derivatives are approximate
nearby values are missing
numerical derivatives are approximate
nearby values are missing
numerical derivatives are approximate
nearby values are missing
numerical derivatives are approximate
nearby values are missing
numerical derivatives are approximate
nearby values are missing
numerical derivatives are approximate
nearby values are missing

Inefficiency effects model (truncated-normal)        Number of obs =      7899
Group variable: pid                               Number of groups =      2031
Time variable: year                             Obs per group: min =         1
                                                               avg =       3.9
                                                               max =         9

                                                     Prob > chi2   =    0.0000
Log pseudolikelihood =  2227.5246                    Wald chi2(5)  =  12691.87

                                                    (Std. Err. adjusted for 2031 clusters in pid)
-------------------------------------------------------------------------------------------------
                                |               Robust
           lntotalspecificcosts |      Coef.   Std. Err.      z    P>|z|     [95% Conf. Interval]
--------------------------------+----------------------------------------------------------------
Frontier                        |
                lndairyproducts |   .9946558   .0090022   110.49   0.000     .9770118      1.0123
                 lnPTotalCattle |  -.0706241   .0655183    -1.08   0.281    -.1990376    .0577894
lnPCompoundfeedingstuffsforcatt |   .7844314    .163114     4.81   0.000     .4647338    1.104129
 lnPFERTILISERSANDSOILIMPROVERS |   .5560524   .0817091     6.81   0.000     .3959056    .7161993
                          TREND |  -.0528959   .0041839   -12.64   0.000    -.0610963   -.0446956
                          _cons |  -9.209079   .6015904   -15.31   0.000    -10.38817   -8.029984
--------------------------------+----------------------------------------------------------------
Mu                              |
                   lngrassratio |   -.017897   .0043348    -4.13   0.000    -.0263931   -.0094009
                      lnspecial |  -1.006455   .0526828   -19.10   0.000    -1.109711   -.9031983
                          _cons |   3.291147          .        .       .            .           .
--------------------------------+----------------------------------------------------------------
Usigma                          |
                   lngrassratio |   .4868309          .        .       .            .           .
                      lnspecial |   13.59213   2.916911     4.66   0.000      7.87509    19.30917
                          _cons |  -37.66934   7.265851    -5.18   0.000    -51.91015   -23.42853
--------------------------------+----------------------------------------------------------------
Vsigma                          |
                          TREND |     .56105   .0210261    26.68   0.000     .5198396    .6022605
                          _cons |  -4.692597   .0767981   -61.10   0.000    -4.843118   -4.542075
--------------------------------+----------------------------------------------------------------
  E(sigma_u) |   197.4801                                -189.5494    584.5097
  E(sigma_v) |   .4844316                                 .4769985    .4918647
------------------------------------------------------------------------------

. estimates store `model1name'_ATL_`tech_or_cost'

. estimates save `fadnoutdatadir'/`model1name'_ATL_`tech_or_cost'_$datestamp$timestamp.ster, replace
(note: file D:\Data/data_FADNPanelAnalysis/OutData/multisward/bc95_ATL_cost_2015_02_010822pm.ster not found)
file D:\Data/data_FADNPanelAnalysis/OutData/multisward/bc95_ATL_cost_2015_02_010822pm.ster saved

. di `e(converged)'
1

. 
. 
. * CEU model's likelihood function is difficult. dfp algorithm (tech option) with plain OLS for 
. *   start parameters seems to let the model complete.
. qui reg `dep_vlist' `indep_vlist' TREND if cont_eur == 1

. matrix define SV = e(b)

. sfpanel `dep_vlist' `indep_vlist' TREND if cont_eur == 1,   `cost' model(bc95) d(tnormal) posthessian robust emean(`z_vlist') usigma(`z_vlist') iterate(1000) svfrontier(SV) tech(dfp) nol
> og //nr bhhh bfgs



Inefficiency effects model (truncated-normal)        Number of obs =     20831
Group variable: pid                               Number of groups =      5673
Time variable: year                             Obs per group: min =         1
                                                               avg =       3.7
                                                               max =         9

                                                     Prob > chi2   =    0.0000
Log pseudolikelihood = -4841.9982                    Wald chi2(5)  =  33009.09

                                                    (Std. Err. adjusted for 5673 clusters in pid)
-------------------------------------------------------------------------------------------------
                                |               Robust
           lntotalspecificcosts |      Coef.   Std. Err.      z    P>|z|     [95% Conf. Interval]
--------------------------------+----------------------------------------------------------------
Frontier                        |
                lndairyproducts |   1.049198   .0064655   162.28   0.000     1.036526     1.06187
                 lnPTotalCattle |   .0110346   .0427745     0.26   0.796    -.0728018     .094871
lnPCompoundfeedingstuffsforcatt |   .7150544   .0291327    24.54   0.000     .6579553    .7721535
 lnPFERTILISERSANDSOILIMPROVERS |   .6000954   .0487739    12.30   0.000     .5045004    .6956905
                          TREND |  -.0225913   .0024964    -9.05   0.000    -.0274842   -.0176984
                          _cons |  -15.21652   .1867089   -81.50   0.000    -15.58246   -14.85057
--------------------------------+----------------------------------------------------------------
Mu                              |
                   lngrassratio |   .0178187   .0020865     8.54   0.000     .0137292    .0219082
                      lnspecial |  -.8213633   .0364186   -22.55   0.000    -.8927425   -.7499842
                          _cons |   8.290072          .        .       .            .           .
--------------------------------+----------------------------------------------------------------
Usigma                          |
                   lngrassratio |   2.128345   .3390293     6.28   0.000      1.46386     2.79283
                      lnspecial |   6.580776   1.425509     4.62   0.000     3.786829    9.374724
                          _cons |   -20.3493   2.941466    -6.92   0.000    -26.11446   -14.58413
--------------------------------+----------------------------------------------------------------
Vsigma                          |
                          _cons |  -2.510079    .035253   -71.20   0.000    -2.579174   -2.440985
--------------------------------+----------------------------------------------------------------
  E(sigma_u) |    .095531                                 .0872773    .1037848
     sigma_v |   .2850646   .0050247    56.73   0.000     .2753845    .2950849
------------------------------------------------------------------------------

. estimates store `model1name'_CEU_`tech_or_cost'

. estimates save `fadnoutdatadir'/`model1name'_CEU_`tech_or_cost'_$datestamp$timestamp.ster, replace
(note: file D:\Data/data_FADNPanelAnalysis/OutData/multisward/bc95_CEU_cost_2015_02_010822pm.ster not found)
file D:\Data/data_FADNPanelAnalysis/OutData/multisward/bc95_CEU_cost_2015_02_010822pm.ster saved

. di `e(converged)'
1

. 
. 
. qui reg `dep_vlist' `indep_vlist' TREND if country == "DEU"

. matrix define SV = e(b)

. sfpanel `dep_vlist' `indep_vlist' TREND , `cost' model(bc95) d(tnormal) posthessian robust emean(`z_vlist') usigma(`z_vlist') vsigma(TREND) iterate(1000)  svfrontier(SV) tech(dfp) nolog 
> // not specifying svfrontier is best


numerical derivatives are approximate
nearby values are missing
numerical derivatives are approximate
nearby values are missing
numerical derivatives are approximate
nearby values are missing
numerical derivatives are approximate
nearby values are missing
numerical derivatives are approximate
nearby values are missing
numerical derivatives are approximate
nearby values are missing
numerical derivatives are approximate
nearby values are missing
numerical derivatives are approximate
nearby values are missing
numerical derivatives are approximate
nearby values are missing
numerical derivatives are approximate
nearby values are missing
numerical derivatives are approximate
nearby values are missing
numerical derivatives are approximate
nearby values are missing
numerical derivatives are approximate
nearby values are missing
numerical derivatives are approximate
nearby values are missing
numerical derivatives are approximate
nearby values are missing
numerical derivatives are approximate
nearby values are missing
numerical derivatives are approximate
nearby values are missing
numerical derivatives are approximate
nearby values are missing
numerical derivatives are approximate
nearby values are missing
numerical derivatives are approximate
nearby values are missing

Inefficiency effects model (truncated-normal)        Number of obs =     28730
Group variable: pid                               Number of groups =      7704
Time variable: year                             Obs per group: min =         1
                                                               avg =       3.7
                                                               max =         9

                                                     Prob > chi2   =    0.0000
Log pseudolikelihood =  3265.1444                    Wald chi2(5)  =  30674.76

                                                    (Std. Err. adjusted for 7704 clusters in pid)
-------------------------------------------------------------------------------------------------
                                |               Robust
           lntotalspecificcosts |      Coef.   Std. Err.      z    P>|z|     [95% Conf. Interval]
--------------------------------+----------------------------------------------------------------
Frontier                        |
                lndairyproducts |   1.027185   .0059547   172.50   0.000     1.015514    1.038856
                 lnPTotalCattle |   .0912236   .0377939     2.41   0.016     .0171489    .1652983
lnPCompoundfeedingstuffsforcatt |   .9515017   .0839668    11.33   0.000     .7869298    1.116074
 lnPFERTILISERSANDSOILIMPROVERS |   .2476618   .0512408     4.83   0.000     .1472317     .348092
                          TREND |  -.0225051   .0022248   -10.12   0.000    -.0268656   -.0181446
                          _cons |  -8.462731   .3305421   -25.60   0.000    -9.110581    -7.81488
--------------------------------+----------------------------------------------------------------
Mu                              |
                   lngrassratio |   .0098426    .002143     4.59   0.000     .0056424    .0140429
                      lnspecial |  -.8444112   .0425603   -19.84   0.000     -.927828   -.7609945
                          _cons |    2.40348   .1835968    13.09   0.000     2.043637    2.763323
--------------------------------+----------------------------------------------------------------
Usigma                          |
                   lngrassratio |  -.7687018   .4885961    -1.57   0.116    -1.726332     .188929
                      lnspecial |   3.502658   .9345995     3.75   0.000     1.670876    5.334439
                          _cons |  -15.39521          .        .       .            .           .
--------------------------------+----------------------------------------------------------------
Vsigma                          |
                          TREND |   .5743306   .0125766    45.67   0.000     .5496809    .5989803
                          _cons |   -4.45564   .0493358   -90.31   0.000    -4.552336   -4.358943
--------------------------------+----------------------------------------------------------------
  E(sigma_u) |   .0294582                                 .0290367    .0298797
  E(sigma_v) |     .57008                                  .565388     .574772
------------------------------------------------------------------------------

. estimates store `model1name'_ALL_`tech_or_cost'

. estimates save `fadnoutdatadir'/`model1name'_ALL_`tech_or_cost'_$datestamp$timestamp.ster, replace
(note: file D:\Data/data_FADNPanelAnalysis/OutData/multisward/bc95_ALL_cost_2015_02_010822pm.ster not found)
file D:\Data/data_FADNPanelAnalysis/OutData/multisward/bc95_ALL_cost_2015_02_010822pm.ster saved

. di `e(converged)'
1

. 
. log close
      name:  <unnamed>
       log:  D:\Data\data_FADNPanelAnalysis\Do_Files\multisward\logs/multisward2015_02_01.txt
  log type:  text
 closed on:   1 Feb 2015, 20:25:16
--------------------------------------------------------------------------------------------------------------------------------------------------------------------------------------------
